cipher.h:357:37:mbedtls_cipher_get_cipher_mode	0	static
ssl_tls.c:85:13:mbedtls_zeroize	0	static
ssl_tls.c:5917:12:ssl_append_key_cert	16	static
ssl_tls.c:105:13:ssl_set_timer	24	static
ssl_tls.c:5006:13:ssl_calc_finished_tls_sha256	192	static
ssl_tls.c:1092:6:ssl_calc_verify_tls_sha256	144	static
ssl_tls.c:406:12:tls_prf_generic	256	static
ssl_tls.c:470:12:tls_prf_sha256	24	static
ssl_tls.c:481:12:tls_prf_sha384	24	static
ssl_tls.c:308:12:tls1_prf	208	static
ssl_tls.c:5055:13:ssl_calc_finished_tls_sha384	312	static
ssl_tls.c:1113:6:ssl_calc_verify_tls_sha384	248	static
ssl_tls.c:4946:13:ssl_calc_finished_tls	264	static
ssl_tls.c:1064:6:ssl_calc_verify_tls	216	static
ssl_tls.c:4844:13:ssl_update_checksum_sha256	0	static
ssl_tls.c:4852:13:ssl_update_checksum_sha384	0	static
ssl_tls.c:4834:13:ssl_update_checksum_md5sha1	16	static
ssl_tls.c:4814:13:ssl_update_checksum_start	16	static
ssl_tls.c:523:5:mbedtls_ssl_derive_keys	392	static
ssl_tls.c:2282:5:mbedtls_ssl_fetch_input	56	static
ssl_tls.c:2524:5:mbedtls_ssl_flush_output	40	static
ssl_tls.c:2819:5:mbedtls_ssl_write_record	72	static
ssl_tls.c:3200:5:mbedtls_ssl_prepare_handshake_record	32	static
ssl_tls.c:3285:6:mbedtls_ssl_update_handshake_status	4	static
ssl_tls.c:4099:5:mbedtls_ssl_handle_message_type	24	static
ssl_tls.c:4179:5:mbedtls_ssl_send_alert_message	32	static
ssl_tls.c:4165:5:mbedtls_ssl_send_fatal_handshake_failure	0	static
ssl_tls.c:3914:5:mbedtls_ssl_read_record_layer	136	static
ssl_tls.c:3880:5:mbedtls_ssl_read_record	24	static
ssl_tls.c:4256:5:mbedtls_ssl_write_certificate	40	static
ssl_tls.c:4380:5:mbedtls_ssl_parse_certificate	40	static
ssl_tls.c:4666:5:mbedtls_ssl_write_change_cipher_spec	24	static
ssl_tls.c:4689:5:mbedtls_ssl_parse_change_cipher_spec	24	static
ssl_tls.c:4768:6:mbedtls_ssl_optimize_checksum	0	static
ssl_tls.c:4797:6:mbedtls_ssl_reset_checksum	8	static
ssl_tls.c:5191:5:mbedtls_ssl_write_finished	24	static
ssl_tls.c:5315:5:mbedtls_ssl_parse_finished	48	static
ssl_tls.c:5443:6:mbedtls_ssl_session_init	0	static
ssl_tls.c:5552:6:mbedtls_ssl_init	8	static
ssl_tls.c:5760:6:mbedtls_ssl_conf_endpoint	0	static
ssl_tls.c:5765:6:mbedtls_ssl_conf_transport	0	static
ssl_tls.c:5792:6:mbedtls_ssl_conf_authmode	0	static
ssl_tls.c:5798:6:mbedtls_ssl_conf_verify	0	static
ssl_tls.c:5807:6:mbedtls_ssl_conf_rng	0	static
ssl_tls.c:5815:6:mbedtls_ssl_conf_dbg	0	static
ssl_tls.c:5823:6:mbedtls_ssl_set_bio	0	static
ssl_tls.c:5835:6:mbedtls_ssl_conf_read_timeout	0	static
ssl_tls.c:5840:6:mbedtls_ssl_set_timer_cb	4	static
ssl_tls.c:5887:6:mbedtls_ssl_conf_ciphersuites	0	static
ssl_tls.c:5896:6:mbedtls_ssl_conf_ciphersuites_for_version	0	static
ssl_tls.c:5910:6:mbedtls_ssl_conf_cert_profile	0	static
ssl_tls.c:5947:5:mbedtls_ssl_conf_own_cert	0	static
ssl_tls.c:5954:6:mbedtls_ssl_conf_ca_chain	0	static
ssl_tls.c:5964:5:mbedtls_ssl_set_hs_own_cert	0	static
ssl_tls.c:5972:6:mbedtls_ssl_set_hs_ca_chain	0	static
ssl_tls.c:5980:6:mbedtls_ssl_set_hs_authmode	0	static
ssl_tls.c:6140:6:mbedtls_ssl_conf_sig_hashes	0	static
ssl_tls.c:6159:5:mbedtls_ssl_set_hostname	16	static
ssl_tls.c:6188:6:mbedtls_ssl_conf_sni	0	static
ssl_tls.c:6229:6:mbedtls_ssl_conf_max_version	0	static
ssl_tls.c:6235:6:mbedtls_ssl_conf_min_version	0	static
ssl_tls.c:6242:6:mbedtls_ssl_conf_fallback	0	static
ssl_tls.c:6249:6:mbedtls_ssl_conf_encrypt_then_mac	0	static
ssl_tls.c:6256:6:mbedtls_ssl_conf_extended_master_secret	0	static
ssl_tls.c:6263:6:mbedtls_ssl_conf_arc4_support	0	static
ssl_tls.c:6270:5:mbedtls_ssl_conf_max_frag_len	0	static
ssl_tls.c:6292:6:mbedtls_ssl_conf_truncated_hmac	0	static
ssl_tls.c:6299:6:mbedtls_ssl_conf_cbc_record_splitting	0	static
ssl_tls.c:6305:6:mbedtls_ssl_conf_legacy_renegotiation	0	static
ssl_tls.c:6311:6:mbedtls_ssl_conf_renegotiation	0	static
ssl_tls.c:6316:6:mbedtls_ssl_conf_renegotiation_enforced	0	static
ssl_tls.c:6321:6:mbedtls_ssl_conf_renegotiation_period	0	static
ssl_tls.c:6330:6:mbedtls_ssl_conf_session_tickets	0	static
ssl_tls.c:6350:6:mbedtls_ssl_conf_export_keys_cb	0	static
ssl_tls.c:6362:8:mbedtls_ssl_get_bytes_avail	0	static
ssl_tls.c:6367:10:mbedtls_ssl_get_verify_result	0	static
ssl_tls.c:6378:13:mbedtls_ssl_get_ciphersuite	0	static
ssl_tls.c:6386:13:mbedtls_ssl_get_version	0	static
ssl_tls.c:6424:5:mbedtls_ssl_get_record_expansion	16	static
ssl_tls.c:6459:8:mbedtls_ssl_get_max_frag_len	0	static
ssl_tls.c:6988:12:ssl_write_real	24	static
ssl_tls.c:6505:25:mbedtls_ssl_get_peer_cert	0	static
ssl_tls.c:6532:5:mbedtls_ssl_handshake_step	0	static
ssl_tls.c:6554:5:mbedtls_ssl_handshake	24	static
ssl_tls.c:7116:5:mbedtls_ssl_close_notify	24	static
ssl_tls.c:7144:6:mbedtls_ssl_transform_free	8	static
ssl_tls.c:7177:6:mbedtls_ssl_handshake_free	16	static
ssl_tls.c:7253:6:mbedtls_ssl_session_free	16	static
ssl_tls.c:5129:6:mbedtls_ssl_handshake_wrapup	24	static
ssl_tls.c:5448:12:ssl_handshake_init	24	static
ssl_tls.c:5575:5:mbedtls_ssl_setup	24	static
ssl_tls.c:6612:12:ssl_start_renegotiation	24	static
ssl_tls.c:6652:5:mbedtls_ssl_renegotiate	24	static
ssl_tls.c:6708:12:ssl_check_ctr_renegotiate	24	static
ssl_tls.c:7076:5:mbedtls_ssl_write	32	static
ssl_tls.c:6731:5:mbedtls_ssl_read	40	static
ssl_tls.c:198:12:ssl_session_copy	16	static
ssl_tls.c:5866:5:mbedtls_ssl_set_session	8	static
ssl_tls.c:6515:5:mbedtls_ssl_get_session	0	static
ssl_tls.c:5752:5:mbedtls_ssl_session_reset	16	static
ssl_tls.c:7276:6:mbedtls_ssl_free	24	static
ssl_tls.c:7363:6:mbedtls_ssl_config_init	0	static
ssl_tls.c:7410:5:mbedtls_ssl_config_defaults	8	static
ssl_tls.c:7563:6:mbedtls_ssl_config_free	16	static
ssl_tls.c:7594:15:mbedtls_ssl_sig_from_pk	8	static
ssl_tls.c:7607:19:mbedtls_ssl_pk_alg_from_sig	0	static
ssl_tls.c:7628:19:mbedtls_ssl_md_alg_from_hash	0	static
ssl_tls.c:7660:15:mbedtls_ssl_hash_from_md_alg	0	static
ssl_tls.c:7714:5:mbedtls_ssl_check_sig_hash	0	static
ssl_tls.c:7731:5:mbedtls_ssl_check_cert_usage	0	static
ssl_tls.c:7830:6:mbedtls_ssl_write_version	0	static
ssl_tls.c:7852:6:mbedtls_ssl_read_version	0	static
ssl_tls.c:7874:5:mbedtls_ssl_set_calc_verify_md	0	static
ssl_tls.c:7917:5:mbedtls_ssl_set_dynamic_max_content_len	0	static
