sys_arch.c:64:7:sys_mbox_new	8	static
sys_arch.c:88:6:sys_mbox_free	8	static
sys_arch.c:110:6:sys_mbox_post	24	static
sys_arch.c:118:7:sys_mbox_trypost	16	static
sys_arch.c:155:7:sys_arch_mbox_fetch	32	static
sys_arch.c:198:7:sys_arch_mbox_tryfetch	16	static
sys_arch.c:217:5:sys_mbox_valid	0	static
sys_arch.c:225:6:sys_mbox_set_invalid	0	static
sys_arch.c:233:7:sys_sem_new	16	static
sys_arch.c:276:7:sys_arch_sem_wait	16	static
sys_arch.c:309:6:sys_sem_signal	0	static
sys_arch.c:316:6:sys_sem_free	0	static
sys_arch.c:325:5:sys_sem_valid	0	static
sys_arch.c:334:6:sys_sem_set_invalid	0	static
sys_arch.c:341:6:sys_init	0	static
sys_arch.c:369:22:sys_arch_timeouts	16	static
sys_arch.c:504:14:sys_thread_new	40	static
sys_arch.c:447:14:sys_thread_new_tcm	0	static
sys_arch.c:534:5:sys_thread_delete	24	static
sys_arch.c:593:12:sys_arch_protect	8	static
sys_arch.c:605:6:sys_arch_unprotect	0	static
sys_arch.c:614:6:sys_assert	8	static
sys_arch.c:626:7:sys_now	0	static
sys_arch.c:631:7:sys_jiffies	0	static
