atcmd_wifi.c:1388:6:fATWw	0	static
atcmd_wifi.c:1369:6:fATWW	0	static
atcmd_wifi.c:2851:6:fATWL	0	static
atcmd_wifi.c:2899:6:fATWT	0	static
atcmd_wifi.c:2937:6:fATWU	0	static
atcmd_wifi.c:161:13:init_wifi_struct	24	static
atcmd_wifi.c:251:6:fATWD	56	static
atcmd_wifi.c:328:6:fATWQ	16	static
atcmd_wifi.c:738:6:fATW5	16	static
atcmd_wifi.c:359:6:fATWS	136	static
atcmd_wifi.c:466:6:fATWx	200	static
atcmd_wifi.c:625:6:fATW0	24	static
atcmd_wifi.c:643:6:fATW1	24	static
atcmd_wifi.c:719:6:fATW4	24	static
atcmd_wifi.c:755:6:fATW6	56	static
atcmd_wifi.c:798:6:fATWA	88	static
atcmd_wifi.c:996:6:fATWC	64	static
atcmd_wifi.c:1196:6:fATWR	16	static
atcmd_wifi.c:1207:6:fATWY	16	static
atcmd_wifi.c:1252:6:fATWB	72	static
atcmd_wifi.c:1351:6:fATWM	56	static
atcmd_wifi.c:1468:6:fATWO	56	static
atcmd_wifi.c:1515:6:fATWZ	56	static
atcmd_wifi.c:1565:6:fATXP	88	static
atcmd_wifi.c:217:21:app_scan_result_handler	24	static
atcmd_wifi.c:671:6:fATW2	16	static
atcmd_wifi.c:693:6:fATW3	24	static
atcmd_wifi.c:777:6:fATW7	16	static
atcmd_wifi.c:1215:6:fATWP	8	static
atcmd_wifi.c:2876:6:fATWI	56	static
atcmd_wifi.c:1672:6:print_wlan_help	8	static
atcmd_wifi.c:3094:6:at_wifi_init	8	static
