atcmd_lwip.c:4248:6:fATP0	8	static
atcmd_lwip.c:4955:6:fATPI	48	static
atcmd_lwip.c:4501:5:atcmd_lwip_send_data	48	static
atcmd_lwip.c:5537:13:atcmd_lwip_tt_handler	72	static
atcmd_lwip.c:5010:6:init_node_pool	8	static
atcmd_lwip.c:5018:7:create_node	32	static
atcmd_lwip.c:5046:6:delete_node	16	static
atcmd_lwip.c:4449:6:socket_close_all	8	static
atcmd_lwip.c:4259:6:fATPC	88	static
atcmd_lwip.c:4373:6:fATPS	80	static
atcmd_lwip.c:5203:5:hang_node	24	static
atcmd_lwip.c:3916:13:client_start_task	88	static
atcmd_lwip.c:5230:5:hang_seednode	24	static
atcmd_lwip.c:3946:13:server_start_task	104	static
atcmd_lwip.c:5255:7:seek_node	0	static
atcmd_lwip.c:4558:6:fATPT	128	static
atcmd_lwip.c:4889:6:fATPP	112	static
atcmd_lwip.c:4461:6:fATPD	16	static
atcmd_lwip.c:5277:7:tryget_node	8	static
atcmd_lwip.c:5292:5:atcmd_lwip_receive_data	88	static
atcmd_lwip.c:4622:6:fATPR	120	static
atcmd_lwip.c:5414:13:atcmd_lwip_receive_task	72	static
atcmd_lwip.c:5502:5:atcmd_lwip_start_autorecv_task	24	static
atcmd_lwip.c:4751:6:fATPK	64	static
atcmd_lwip.c:5514:5:atcmd_lwip_is_tt_mode	0	static
atcmd_lwip.c:5517:6:atcmd_lwip_set_tt_mode	0	static
atcmd_lwip.c:5521:5:atcmd_lwip_is_autorecv_mode	0	static
atcmd_lwip.c:5524:6:atcmd_lwip_set_autorecv_mode	0	static
atcmd_lwip.c:5573:5:atcmd_lwip_start_tt_task	32	static
atcmd_lwip.c:4795:6:fATPU	64	static
atcmd_lwip.c:5618:6:atcmd_lwip_erase_info	0	static
atcmd_lwip.c:5622:5:atcmd_lwip_write_info_to_flash	72	static
atcmd_lwip.c:4843:6:fATPL	88	static
atcmd_lwip.c:5668:5:atcmd_lwip_read_info_from_flash	8	static
atcmd_lwip.c:5674:5:atcmd_lwip_auto_connect	112	static
atcmd_lwip.c:5936:5:atcmd_lwip_restore_from_flash	8	static
atcmd_lwip.c:5945:6:atcmd_lwip_set_rx_buffer	0	static
atcmd_lwip.c:5983:6:print_tcpip_at	24	static
atcmd_lwip.c:5993:6:at_transport_init	8	static
