atcmd_wifi.c:2077:13:atcmd_wifi_disconn_hdl	8	static
atcmd_wifi.c:161:13:init_wifi_struct	24	static
atcmd_wifi.c:251:6:fATWD	56	static
atcmd_wifi.c:328:6:fATWQ	16	static
atcmd_wifi.c:2268:6:fATPH	64	static
atcmd_wifi.c:2798:6:fATPW	56	static
atcmd_wifi.c:359:6:fATWS	136	static
atcmd_wifi.c:466:6:fATWx	208	static
atcmd_wifi.c:1832:6:fATPA	128	static
atcmd_wifi.c:2017:12:_find_ap_from_scan_buf	32	static
atcmd_wifi.c:2321:6:fATPE	64	static
atcmd_wifi.c:2394:6:fATPF	64	static
atcmd_wifi.c:2759:6:fATPM	64	static
atcmd_wifi.c:217:21:app_scan_result_handler	56	static
atcmd_wifi.c:2088:6:fATPN	224	static
atcmd_wifi.c:2475:5:atcmd_wifi_read_info_from_flash	8	static
atcmd_wifi.c:2481:6:atcmd_wifi_write_info_to_flash	192	static
atcmd_wifi.c:2694:6:fATPG	176	static
atcmd_wifi.c:2584:5:atcmd_wifi_restore_from_flash	128	static
atcmd_wifi.c:2834:6:print_wlan_help	8	static
atcmd_wifi.c:3084:6:print_wifi_at	24	static
atcmd_wifi.c:3094:6:at_wifi_init	8	static
