log_service.c:528:6:fAT_exit	8	static
log_service.c:136:5:hash_index	0	static
log_service.c:149:6:log_add_new_command	16	static
log_service.c:190:6:log_service_add_table	16	static
log_service.c:556:6:at_log_init	0	static
log_service.c:197:7:log_action	16	static
log_service.c:219:7:log_handler	1624	static
log_service.c:257:5:parse_param	1624	static
log_service.c:330:6:at_set_debug_level	0	static
log_service.c:335:6:at_set_debug_mask	0	static
log_service.c:373:5:mp_commnad_handler	72	static
log_service.c:390:6:print_help_msg	0	static
log_service.c:398:5:print_help_handler	8	static
log_service.c:407:6:log_service_lock	0	static
log_service.c:412:10:log_service_lock_timeout	0	static
log_service.c:417:6:log_service_unlock	0	static
log_service.c:432:6:log_service	8	static
log_service.c:422:6:log_service_lock_init	0	static
log_service.c:488:6:start_log_service	24	static
log_service.c:156:6:log_service_init	24	static
