ff.c:1475:6:sum_sfn	0	static
ff.c:2085:5:get_ldnumber	8	static
ff.c:2343:9:validate	8	static
ff.c:1740:6:get_fileinfo	24	static
ff.c:1275:7:ld_clust.isra.0	0	static
ff.c:760:9:sync_window.part.1	24	static
ff.c:760:9:sync_window	0	static
ff.c:812:9:sync_fs	24	static
ff.c:786:9:move_window	16	static
ff.c:2144:6:check_fs	8	static
ff.c:2172:9:find_volume	40	static
ff.c:852:7:clust2sect	0	static
ff.c:870:7:get_fat	24	static
ff.c:1122:9:dir_sdi	16	static
ff.c:916:9:put_fat	24	static
ff.c:1032:7:create_chain	24	static
ff.c:1170:9:dir_next	32	static
ff.c:1495:9:dir_find.part.6	48	static
ff.c:2022:9:follow_path	48	static
ff.c:1615:9:dir_register	56	static
ff.c:1693:9:dir_remove	24	static
ff.c:1556:9:dir_read.constprop	32	static
ff.c:979:9:remove_chain	16	static
ff.c:2376:9:f_mount	40	static
ff.c:2426:9:f_open	88	static
ff.c:2561:9:f_read	48	static
ff.c:2662:9:f_write	48	static
ff.c:2784:9:f_sync	16	static
ff.c:2833:9:f_close	8	static
ff.c:3005:9:f_lseek	24	static
ff.c:3163:9:f_opendir	32	static
ff.c:3219:9:f_closedir	8	static
ff.c:3251:9:f_readdir	32	static
ff.c:3293:9:f_stat	72	static
ff.c:3328:9:f_getfree	40	static
ff.c:3395:9:f_truncate	16	static
ff.c:3451:9:f_unlink	112	static
ff.c:3521:9:f_mkdir	112	static
ff.c:3595:9:f_chmod	72	static
ff.c:3638:9:f_utime	64	static
ff.c:3680:9:f_rename	136	static
