tls_polarssl.c:648:5:buf_write	16	static
tls_polarssl.c:623:5:buf_read	16	static
tls_polarssl.c:678:14:my_calloc	16	static
tls_polarssl.c:66:12:my_random	8	static
tls_polarssl.c:75:6:my_debug	0	static
tls_polarssl.c:560:5:buf_init	16	static
tls_polarssl.c:589:5:buf_read_store	16	static
tls_polarssl.c:608:5:buf_write_store	16	static
tls_polarssl.c:667:6:buf_clear	16	static
tls_polarssl.c:699:8:tls_init	8	static
tls_polarssl.c:724:6:tls_deinit	8	static
tls_polarssl.c:736:5:tls_get_errors	0	static
tls_polarssl.c:794:6:tls_connection_deinit	8	static
tls_polarssl.c:745:25:tls_connection_init	32	static
tls_polarssl.c:812:5:tls_connection_established	0	static
tls_polarssl.c:830:5:tls_connection_shutdown	8	static
tls_polarssl.c:838:5:tls_connection_set_params	0	static
tls_polarssl.c:852:5:tls_global_set_params	0	static
tls_polarssl.c:864:5:tls_global_set_verify	0	static
tls_polarssl.c:875:5:tls_connection_set_verify	0	static
tls_polarssl.c:892:5:tls_connection_get_random	16	static
tls_polarssl.c:910:5:tls_connection_prf	40	static
tls_polarssl.c:948:17:tls_connection_handshake	24	static
tls_polarssl.c:1033:17:tls_connection_server_handshake	0	static
tls_polarssl.c:1050:17:tls_connection_encrypt	16	static
tls_polarssl.c:1095:17:tls_connection_decrypt	24	static
tls_polarssl.c:1148:5:tls_connection_resumed	0	static
tls_polarssl.c:1159:5:tls_connection_set_cipher_list	0	static
tls_polarssl.c:1172:5:tls_get_version	0	static
tls_polarssl.c:1186:5:tls_get_cipher	0	static
tls_polarssl.c:1200:5:tls_connection_enable_workaround	0	static
tls_polarssl.c:1212:5:tls_connection_client_hello_ext	0	static
tls_polarssl.c:1228:5:tls_connection_get_failed	0	static
tls_polarssl.c:1239:5:tls_connection_get_read_alerts	0	static
tls_polarssl.c:1250:5:tls_connection_get_write_alerts	0	static
tls_polarssl.c:1262:5:tls_get_library_version	0	static
tls_polarssl.c:1269:6:tls_connection_set_success_data	0	static
tls_polarssl.c:1280:6:tls_connection_set_success_data_resumed	0	static
tls_polarssl.c:1290:1:tls_connection_get_success_data	0	static
tls_polarssl.c:1300:6:tls_connection_remove_session	0	static
