crypto_api.c:1286:13:random_seed_timer_callback	0	static
crypto_api.c:62:5:xip_flash_remap_check.constprop	24	static
crypto_api.c:45:5:crypto_init	0	static
crypto_api.c:53:5:crypto_deinit	0	static
crypto_api.c:62:5:xip_flash_remap_check	24	static
crypto_api.c:95:5:crypto_md5	24	static
crypto_api.c:109:5:crypto_md5_init	0	static
crypto_api.c:117:5:crypto_md5_process	24	static
crypto_api.c:130:5:crypto_md5_update	16	static
crypto_api.c:143:5:crypto_md5_final	0	static
crypto_api.c:152:5:crypto_sha1	24	static
crypto_api.c:165:5:crypto_sha1_init	0	static
crypto_api.c:173:5:crypto_sha1_process	24	static
crypto_api.c:186:5:crypto_sha1_update	16	static
crypto_api.c:199:5:crypto_sha1_final	0	static
crypto_api.c:208:5:crypto_sha2_224	24	static
crypto_api.c:221:5:crypto_sha2_224_init	0	static
crypto_api.c:229:5:crypto_sha2_224_process	24	static
crypto_api.c:242:5:crypto_sha2_224_update	16	static
crypto_api.c:255:5:crypto_sha2_224_final	0	static
crypto_api.c:264:5:crypto_sha2_256	24	static
crypto_api.c:277:5:crypto_sha2_256_init	0	static
crypto_api.c:285:5:crypto_sha2_256_process	24	static
crypto_api.c:298:5:crypto_sha2_256_update	16	static
crypto_api.c:311:5:crypto_sha2_256_final	0	static
crypto_api.c:320:5:crypto_hmac_md5	32	static
crypto_api.c:339:5:crypto_hmac_md5_init	16	static
crypto_api.c:353:5:crypto_hmac_md5_process	24	static
crypto_api.c:367:5:crypto_hmac_md5_update	16	static
crypto_api.c:381:5:crypto_hmac_md5_final	0	static
crypto_api.c:390:5:crypto_hmac_sha1	32	static
crypto_api.c:409:5:crypto_hmac_sha1_init	16	static
crypto_api.c:423:5:crypto_hmac_sha1_process	24	static
crypto_api.c:437:5:crypto_hmac_sha1_update	16	static
crypto_api.c:451:5:crypto_hmac_sha1_final	0	static
crypto_api.c:460:5:crypto_hmac_sha2_224	32	static
crypto_api.c:479:5:crypto_hmac_sha2_224_init	16	static
crypto_api.c:493:5:crypto_hmac_sha2_224_process	24	static
crypto_api.c:507:5:crypto_hmac_sha2_224_update	16	static
crypto_api.c:521:5:crypto_hmac_sha2_224_final	0	static
crypto_api.c:530:5:crypto_hmac_sha2_256	32	static
crypto_api.c:550:5:crypto_hmac_sha2_256_init	16	static
crypto_api.c:564:5:crypto_hmac_sha2_256_process	24	static
crypto_api.c:578:5:crypto_hmac_sha2_256_update	16	static
crypto_api.c:592:5:crypto_hmac_sha2_256_final	0	static
crypto_api.c:601:5:crypto_aes_ecb_init	16	static
crypto_api.c:614:5:crypto_aes_ecb_encrypt	32	static
crypto_api.c:633:5:crypto_aes_ecb_decrypt	32	static
crypto_api.c:653:5:crypto_aes_cbc_init	16	static
crypto_api.c:666:5:crypto_aes_cbc_encrypt	32	static
crypto_api.c:685:5:crypto_aes_cbc_decrypt	32	static
crypto_api.c:705:5:crypto_aes_ctr_init	16	static
crypto_api.c:718:5:crypto_aes_ctr_encrypt	32	static
crypto_api.c:737:5:crypto_aes_ctr_decrypt	32	static
crypto_api.c:757:5:crypto_aes_cfb_init	16	static
crypto_api.c:770:5:crypto_aes_cfb_encrypt	32	static
crypto_api.c:789:5:crypto_aes_cfb_decrypt	32	static
crypto_api.c:809:5:crypto_aes_ofb_init	16	static
crypto_api.c:822:5:crypto_aes_ofb_encrypt	32	static
crypto_api.c:841:5:crypto_aes_ofb_decrypt	32	static
crypto_api.c:861:5:crypto_aes_ghash	32	static
crypto_api.c:880:5:crypto_aes_ghash_init	16	static
crypto_api.c:894:5:crypto_aes_ghash_process	24	static
crypto_api.c:909:5:crypto_aes_gmac	48	static
crypto_api.c:939:5:crypto_aes_gmac_init	16	static
crypto_api.c:953:5:crypto_aes_gmac_process	40	static
crypto_api.c:978:5:crypto_aes_gctr_init	16	static
crypto_api.c:992:5:crypto_aes_gctr_encrypt	24	static
crypto_api.c:1012:5:crypto_aes_gctr_decrypt	24	static
crypto_api.c:1033:5:crypto_aes_gcm_init	16	static
crypto_api.c:1046:5:crypto_aes_gcm_encrypt	48	static
crypto_api.c:1069:5:crypto_aes_gcm_decrypt	48	static
crypto_api.c:1263:5:crypto_hkdf_derive	184	static
crypto_api.c:1291:5:crypto_random_seed	128	static
crypto_api.c:1339:5:crypto_random_generate	216	static
