flash_api.c:60:6:flash_pinmux_init	0	static
flash_api.c:95:6:flash_init	16	static
flash_api.c:115:5:flash_read_id	16	static
flash_api.c:147:5:flash_read_unique_id	16	static
flash_api.c:172:6:flash_erase_sector	16	static
flash_api.c:188:6:flash_erase_block	16	static
flash_api.c:203:6:flash_erase_chip	8	static
flash_api.c:219:5:flash_read_word	16	static
flash_api.c:235:5:flash_write_word	24	static
flash_api.c:254:5:flash_stream_read	24	static
flash_api.c:294:5:flash_burst_read	24	static
flash_api.c:319:5:flash_burst_write	24	static
flash_api.c:276:5:flash_stream_write	0	static
flash_api.c:340:5:flash_get_status	16	static
flash_api.c:367:5:flash_get_status2	16	static
flash_api.c:398:5:flash_set_status	24	static
flash_api.c:447:5:flash_set_status2	24	static
flash_api.c:508:6:flash_reset_status	24	static
flash_api.c:549:5:flash_set_extend_addr	16	static
flash_api.c:568:5:flash_get_extend_addr	8	static
flash_api.c:589:6:flash_set_lock_mode	16	static
flash_api.c:601:6:flash_global_lock	8	static
flash_api.c:613:6:flash_global_unlock	8	static
flash_api.c:631:6:flash_individual_lock	16	static
flash_api.c:643:6:flash_individual_unlock	16	static
flash_api.c:658:5:flash_read_individual_lock_state	16	static
