hal_timer.h:793:10:hal_read_curtime_us	0	static
i2c_api.c:62:6:i2c_init	24	static
i2c_api.c:84:6:i2c_frequency	0	static
i2c_api.c:91:5:i2c_start	0	static
i2c_api.c:96:5:i2c_stop	0	static
i2c_api.c:101:6:i2c_reset	0	static
i2c_api.c:106:5:i2c_byte_read	16	static
i2c_api.c:126:5:i2c_byte_write	16	static
i2c_api.c:143:5:i2c_read	16	static
i2c_api.c:172:5:i2c_write	16	static
i2c_api.c:200:5:i2c_enable_control	8	static
i2c_api.c:205:6:i2c_restart_enable	0	static
i2c_api.c:211:6:i2c_restart_disable	0	static
i2c_api.c:217:6:i2c_slave_mode	16	static
i2c_api.c:233:6:i2c_slave_address	0	static
i2c_api.c:240:5:i2c_slave_receive	0	static
i2c_api.c:247:5:i2c_slave_read	16	static
i2c_api.c:270:5:i2c_slave_write	16	static
i2c_api.c:284:5:i2c_slave_set_for_rd_req	0	static
i2c_api.c:296:5:i2c_slave_set_for_data_nak	8	static
i2c_api.c:304:6:i2c_set_user_callback	0	static
i2c_api.c:328:6:i2c_clear_user_callback	0	static
