pwmout_api.c:114:6:pwmout_free	0	static
pwmout_api.c:119:6:pwmout_write	16	static
pwmout_api.c:135:7:pwmout_read	16	static
pwmout_api.c:155:6:pwmout_period_us	24	static
pwmout_api.c:69:6:pwmout_init	40	static
pwmout_api.c:145:6:pwmout_period	8	static
pwmout_api.c:150:6:pwmout_period_ms	0	static
pwmout_api.c:178:6:pwmout_pulsewidth_us	16	static
pwmout_api.c:168:6:pwmout_pulsewidth	8	static
pwmout_api.c:173:6:pwmout_pulsewidth_ms	0	static
pwmout_api.c:195:6:pwmout_startoffset_us	16	static
pwmout_api.c:185:6:pwmout_startoffset	8	static
pwmout_api.c:190:6:pwmout_startoffset_ms	0	static
pwmout_api.c:203:6:pwmout_period_int	16	static
pwmout_api.c:213:6:pwmout_autoadj_int	32	static
pwmout_api.c:229:6:pwmout_autoadj_inc	0	static
pwmout_api.c:234:6:pwmout_autoadj_dec	0	static
pwmout_api.c:239:6:pwmout_start	0	static
pwmout_api.c:244:6:pwmout_stop	0	static
pwmout_api.c:249:6:pwmout_multi_start	8	static
pwmout_api.c:255:6:pwmout_set_polarity	0	static
