serial_api.c:103:13:_serial_tx_irq_handler	0	static
serial_api.c:289:21:_serial_recv_dma_enable	16	static
serial_api.c:57:6:serial_init	16	static
serial_api.c:78:6:serial_free	16	static
serial_api.c:90:6:serial_baud	0	static
serial_api.c:95:6:serial_format	4	static
serial_api.c:115:6:serial_irq_handler	24	static
serial_api.c:126:6:serial_irq_set	0	static
serial_api.c:166:5:serial_readable	0	static
serial_api.c:151:5:serial_getc	8	static
serial_api.c:175:5:serial_writable	0	static
serial_api.c:157:6:serial_putc	8	static
serial_api.c:184:6:serial_clear	0	static
serial_api.c:193:6:serial_clear_tx	0	static
serial_api.c:202:6:serial_clear_rx	0	static
serial_api.c:208:6:serial_pinout_tx	0	static
serial_api.c:213:6:serial_break_set	0	static
serial_api.c:218:6:serial_break_clear	0	static
serial_api.c:223:6:serial_send_comp_handler	0	static
serial_api.c:228:6:serial_recv_comp_handler	0	static
serial_api.c:233:6:serial_set_flow_control	0	static
serial_api.c:238:6:serial_rts_control	0	static
serial_api.c:244:9:serial_recv_blocked	16	static
serial_api.c:257:9:serial_send_blocked	16	static
serial_api.c:269:9:serial_recv_stream	0	static
serial_api.c:278:9:serial_send_stream	0	static
serial_api.c:309:9:serial_recv_stream_dma	16	static
serial_api.c:322:9:serial_send_stream_dma	32	static
serial_api.c:348:9:serial_recv_stream_dma_timeout	32	static
serial_api.c:389:9:serial_send_stream_abort	0	static
serial_api.c:394:9:serial_recv_stream_abort	0	static
serial_api.c:399:6:serial_disable	0	static
serial_api.c:404:6:serial_enable	0	static
serial_api.c:410:9:serial_recv_stream_timeout	40	static
serial_api.c:444:6:serial_hook_lock	0	static
serial_api.c:457:9:serial_raed_lsr	0	static
serial_api.c:471:9:serial_read_msr	0	static
serial_api.c:482:6:serial_rx_fifo_level	0	static
