hal_ssi.h:235:28:hal_ssi_interrupt_init_read	0	static
hal_ssi.h:253:28:hal_ssi_interrupt_init_write	0	static
hal_ssi.h:469:24:hal_ssi_get_busy	0	static
hal_ssi.h:590:28:hal_ssi_stop_recv	0	static
hal_ssi.h:605:28:hal_ssi_enter_critical	0	static
hal_ssi.h:619:28:hal_ssi_exit_critical	0	static
spi_api.c:143:20:ssi_write	32	static
spi_api.c:228:6:spi_bus_tx_done_callback	0	static
spi_api.c:253:6:spi_rx_done_callback	0	static
spi_api.c:239:6:spi_tx_done_callback	0	static
spi_api.c:151:19:ssi_read	24	static
spi_api.c:46:6:spi_init	48	static
spi_api.c:87:6:spi_free	8	static
spi_api.c:109:6:spi_format	24	static
spi_api.c:132:6:spi_frequency	24	static
spi_api.c:159:5:spi_master_write	8	static
spi_api.c:165:5:spi_slave_receive	16	static
spi_api.c:176:5:spi_slave_read	0	static
spi_api.c:181:6:spi_slave_write	0	static
spi_api.c:186:5:spi_busy	0	static
spi_api.c:194:6:spi_flush_rx_fifo	32	static
spi_api.c:211:6:spi_slave_flush_fifo	16	static
spi_api.c:265:6:spi_irq_hook	0	static
spi_api.c:271:6:spi_bus_tx_done_irq_hook	0	static
spi_api.c:277:6:spi_enable	0	static
spi_api.c:284:6:spi_disable	0	static
spi_api.c:292:9:spi_slave_read_stream	16	static
spi_api.c:314:9:spi_slave_write_stream	8	static
spi_api.c:336:9:spi_master_read_stream	16	static
spi_api.c:367:9:spi_master_write_stream	8	static
spi_api.c:391:9:spi_master_write_read_stream	24	static
spi_api.c:420:9:spi_slave_read_stream_timeout	32	static
spi_api.c:466:9:spi_slave_read_stream_terminate	24	static
spi_api.c:518:9:spi_slave_read_stream_unfix_size	24	static
spi_api.c:544:9:spi_slave_read_stream_dma	16	static
spi_api.c:573:9:spi_slave_write_stream_dma	16	static
spi_api.c:602:9:spi_master_read_stream_dma	16	static
spi_api.c:645:9:spi_master_write_stream_dma	16	static
spi_api.c:674:9:spi_master_write_read_stream_dma	24	static
spi_api.c:715:9:spi_slave_read_stream_dma_timeout	32	static
spi_api.c:765:9:spi_slave_read_stream_dma_terminate	24	static
