bt_airsync_config_peripheral_app.c:92:6:bt_airsync_config_app_set_adv_data	72	static
bt_airsync_config_peripheral_app.c:108:6:airsync_handle_io_message	0	static
bt_airsync_config_peripheral_app.c:177:6:bt_airsync_config_app_handle_dev_state_evt	24	static
bt_airsync_config_peripheral_app.c:223:6:bt_airsync_config_app_handle_conn_state_evt	56	static
bt_airsync_config_peripheral_app.c:276:6:bt_airsync_config_app_handle_authen_state_evt	24	static
bt_airsync_config_peripheral_app.c:317:6:bt_airsync_config_app_handle_conn_mtu_info_evt	16	static
bt_airsync_config_peripheral_app.c:330:6:bt_airsync_config_app_handle_conn_param_update_evt	24	static
bt_airsync_config_peripheral_app.c:372:6:bt_airsync_config_app_handle_gap_msg	16	static
bt_airsync_config_peripheral_app.c:139:6:bt_airsync_config_app_handle_io_msg	16	static
bt_airsync_config_peripheral_app.c:483:14:bt_airsync_config_app_gap_callback	16	static
bt_airsync_config_peripheral_app.c:526:14:bt_airsync_config_app_profile_callback	32	static
