ssl_func_stubs.c:342:6:init_rom_ssl_ram_map	4	static
ssl_func_stubs.c:352:6:init_rom_ssl_hw_crypto_aes_ecb	0	static
ssl_func_stubs.c:361:6:init_rom_ssl_hw_crypto_aes_cbc	0	static
ssl_func_stubs.c:370:6:init_rom_ssl_hw_crypto_des_cbc	0	static
ssl_func_stubs.c:379:6:init_rom_ssl_hw_crypto_3des_cbc	0	static
ssl_func_stubs.c:391:5:platform_set_malloc_free	8	static
ssl_func_stubs.c:451:6:mbedtls_mpi_init	0	static
ssl_func_stubs.c:456:6:mbedtls_mpi_free	0	static
ssl_func_stubs.c:461:5:mbedtls_mpi_grow	0	static
ssl_func_stubs.c:466:5:mbedtls_mpi_shrink	0	static
ssl_func_stubs.c:471:5:mbedtls_mpi_copy	0	static
ssl_func_stubs.c:476:6:mbedtls_mpi_swap	0	static
ssl_func_stubs.c:481:5:mbedtls_mpi_safe_cond_assign	0	static
ssl_func_stubs.c:486:5:mbedtls_mpi_safe_cond_swap	0	static
ssl_func_stubs.c:491:5:mbedtls_mpi_lset	0	static
ssl_func_stubs.c:496:5:mbedtls_mpi_get_bit	0	static
ssl_func_stubs.c:501:5:mbedtls_mpi_set_bit	0	static
ssl_func_stubs.c:506:8:mbedtls_mpi_lsb	0	static
ssl_func_stubs.c:511:8:mbedtls_mpi_bitlen	0	static
ssl_func_stubs.c:516:8:mbedtls_mpi_size	0	static
ssl_func_stubs.c:521:5:mbedtls_mpi_read_binary	0	static
ssl_func_stubs.c:526:5:mbedtls_mpi_write_binary	0	static
ssl_func_stubs.c:531:5:mbedtls_mpi_shift_l	0	static
ssl_func_stubs.c:536:5:mbedtls_mpi_shift_r	0	static
ssl_func_stubs.c:541:5:mbedtls_mpi_cmp_abs	0	static
ssl_func_stubs.c:546:5:mbedtls_mpi_cmp_mpi	0	static
ssl_func_stubs.c:551:5:mbedtls_mpi_cmp_int	0	static
ssl_func_stubs.c:556:5:mbedtls_mpi_add_abs	0	static
ssl_func_stubs.c:561:5:mbedtls_mpi_sub_abs	0	static
ssl_func_stubs.c:566:5:mbedtls_mpi_add_mpi	0	static
ssl_func_stubs.c:571:5:mbedtls_mpi_sub_mpi	0	static
ssl_func_stubs.c:576:5:mbedtls_mpi_add_int	0	static
ssl_func_stubs.c:581:5:mbedtls_mpi_sub_int	0	static
ssl_func_stubs.c:586:5:mbedtls_mpi_mul_mpi	0	static
ssl_func_stubs.c:591:5:mbedtls_mpi_read_string	0	static
ssl_func_stubs.c:596:5:mbedtls_mpi_mul_int	0	static
ssl_func_stubs.c:601:5:mbedtls_mpi_div_mpi	4	static
ssl_func_stubs.c:606:5:mbedtls_mpi_div_int	4	static
ssl_func_stubs.c:611:5:mbedtls_mpi_mod_mpi	0	static
ssl_func_stubs.c:616:5:mbedtls_mpi_mod_int	0	static
ssl_func_stubs.c:621:5:mbedtls_mpi_write_string	4	static
ssl_func_stubs.c:626:5:mbedtls_mpi_exp_mod	4	static
ssl_func_stubs.c:631:5:mbedtls_mpi_gcd	0	static
ssl_func_stubs.c:636:5:mbedtls_mpi_fill_random	4	static
ssl_func_stubs.c:641:5:mbedtls_mpi_inv_mod	0	static
ssl_func_stubs.c:646:5:mbedtls_mpi_is_prime	0	static
ssl_func_stubs.c:651:5:mbedtls_mpi_gen_prime	4	static
ssl_func_stubs.c:657:31:mbedtls_ecp_curve_list	0	static
ssl_func_stubs.c:662:31:mbedtls_ecp_curve_info_from_grp_id	0	static
ssl_func_stubs.c:667:31:mbedtls_ecp_curve_info_from_tls_id	0	static
ssl_func_stubs.c:672:31:mbedtls_ecp_curve_info_from_name	0	static
ssl_func_stubs.c:677:6:mbedtls_ecp_point_init	0	static
ssl_func_stubs.c:682:6:mbedtls_ecp_group_init	0	static
ssl_func_stubs.c:687:6:mbedtls_ecp_keypair_init	0	static
ssl_func_stubs.c:692:6:mbedtls_ecp_point_free	0	static
ssl_func_stubs.c:697:6:mbedtls_ecp_group_free	0	static
ssl_func_stubs.c:702:6:mbedtls_ecp_keypair_free	0	static
ssl_func_stubs.c:707:5:mbedtls_ecp_copy	0	static
ssl_func_stubs.c:712:5:mbedtls_ecp_group_copy	0	static
ssl_func_stubs.c:717:5:mbedtls_ecp_set_zero	0	static
ssl_func_stubs.c:722:5:mbedtls_ecp_is_zero	0	static
ssl_func_stubs.c:727:5:mbedtls_ecp_point_cmp	0	static
ssl_func_stubs.c:732:5:mbedtls_ecp_point_read_string	4	static
ssl_func_stubs.c:737:5:mbedtls_ecp_point_write_binary	4	static
ssl_func_stubs.c:742:5:mbedtls_ecp_point_read_binary	4	static
ssl_func_stubs.c:747:5:mbedtls_ecp_tls_read_point	4	static
ssl_func_stubs.c:752:5:mbedtls_ecp_tls_write_point	4	static
ssl_func_stubs.c:757:5:mbedtls_ecp_tls_read_group	0	static
ssl_func_stubs.c:762:5:mbedtls_ecp_tls_write_group	4	static
ssl_func_stubs.c:767:5:mbedtls_ecp_check_pubkey	0	static
ssl_func_stubs.c:772:5:mbedtls_ecp_check_privkey	0	static
ssl_func_stubs.c:777:5:mbedtls_ecp_mul	4	static
ssl_func_stubs.c:782:5:mbedtls_ecp_muladd	4	static
ssl_func_stubs.c:787:5:mbedtls_ecp_gen_keypair_base	4	static
ssl_func_stubs.c:792:5:mbedtls_ecp_gen_keypair	4	static
ssl_func_stubs.c:797:5:mbedtls_ecp_gen_key	4	static
ssl_func_stubs.c:802:5:mbedtls_ecp_check_pub_priv	0	static
ssl_func_stubs.c:812:29:mbedtls_ecp_grp_id_list	16	static
ssl_func_stubs.c:836:5:mbedtls_ecp_group_load	0	static
ssl_func_stubs.c:842:6:mbedtls_sha1_init	0	static
ssl_func_stubs.c:847:6:mbedtls_sha1_free	0	static
ssl_func_stubs.c:852:6:mbedtls_sha1_clone	0	static
ssl_func_stubs.c:857:6:mbedtls_sha1_starts	0	static
ssl_func_stubs.c:862:6:mbedtls_sha1_process	0	static
ssl_func_stubs.c:867:6:mbedtls_sha1_update	0	static
ssl_func_stubs.c:872:6:mbedtls_sha1_finish	0	static
ssl_func_stubs.c:877:6:mbedtls_sha1	0	static
ssl_func_stubs.c:883:6:mbedtls_sha256_init	0	static
ssl_func_stubs.c:888:6:mbedtls_sha256_free	0	static
ssl_func_stubs.c:893:6:mbedtls_sha256_clone	0	static
ssl_func_stubs.c:898:6:mbedtls_sha256_starts	0	static
ssl_func_stubs.c:903:6:mbedtls_sha256_process	0	static
ssl_func_stubs.c:908:6:mbedtls_sha256_update	0	static
ssl_func_stubs.c:913:6:mbedtls_sha256_finish	0	static
ssl_func_stubs.c:918:6:mbedtls_sha256	4	static
ssl_func_stubs.c:924:6:mbedtls_sha512_init	0	static
ssl_func_stubs.c:929:6:mbedtls_sha512_free	0	static
ssl_func_stubs.c:934:6:mbedtls_sha512_clone	0	static
ssl_func_stubs.c:939:6:mbedtls_sha512_starts	0	static
ssl_func_stubs.c:944:6:mbedtls_sha512_process	0	static
ssl_func_stubs.c:949:6:mbedtls_sha512_update	0	static
ssl_func_stubs.c:954:6:mbedtls_sha512_finish	0	static
ssl_func_stubs.c:959:6:mbedtls_sha512	4	static
ssl_func_stubs.c:965:5:mbedtls_oid_get_attr_short_name	0	static
ssl_func_stubs.c:970:5:mbedtls_oid_get_x509_ext_type	0	static
ssl_func_stubs.c:975:5:mbedtls_oid_get_extended_key_usage	0	static
ssl_func_stubs.c:980:5:mbedtls_oid_get_sig_alg_desc	0	static
ssl_func_stubs.c:985:5:mbedtls_oid_get_sig_alg	0	static
ssl_func_stubs.c:990:5:mbedtls_oid_get_oid_by_sig_alg	4	static
ssl_func_stubs.c:995:5:mbedtls_oid_get_pk_alg	0	static
ssl_func_stubs.c:1000:5:mbedtls_oid_get_oid_by_pk_alg	0	static
ssl_func_stubs.c:1005:5:mbedtls_oid_get_ec_grp	0	static
ssl_func_stubs.c:1010:5:mbedtls_oid_get_oid_by_ec_grp	0	static
ssl_func_stubs.c:1015:5:mbedtls_oid_get_cipher_alg	0	static
ssl_func_stubs.c:1020:5:mbedtls_oid_get_md_alg	0	static
ssl_func_stubs.c:1025:5:mbedtls_oid_get_oid_by_md	0	static
ssl_func_stubs.c:1030:5:mbedtls_oid_get_pkcs12_pbe_alg	0	static
ssl_func_stubs.c:1036:6:mbedtls_md5_init	0	static
ssl_func_stubs.c:1041:6:mbedtls_md5_free	0	static
ssl_func_stubs.c:1046:6:mbedtls_md5_clone	0	static
ssl_func_stubs.c:1051:6:mbedtls_md5_starts	0	static
ssl_func_stubs.c:1056:6:mbedtls_md5_process	0	static
ssl_func_stubs.c:1061:6:mbedtls_md5_update	0	static
ssl_func_stubs.c:1066:6:mbedtls_md5_finish	0	static
ssl_func_stubs.c:1071:6:mbedtls_md5	0	static
ssl_func_stubs.c:1077:6:mbedtls_aes_init	0	static
ssl_func_stubs.c:1082:6:mbedtls_aes_free	0	static
ssl_func_stubs.c:1087:5:mbedtls_aes_setkey_enc	0	static
ssl_func_stubs.c:1092:5:mbedtls_aes_setkey_dec	0	static
ssl_func_stubs.c:1097:6:mbedtls_aes_encrypt	0	static
ssl_func_stubs.c:1102:6:mbedtls_aes_decrypt	0	static
ssl_func_stubs.c:1107:5:mbedtls_aes_crypt_ecb	4	static
ssl_func_stubs.c:1112:5:mbedtls_aes_crypt_cbc	4	static
ssl_func_stubs.c:1117:5:mbedtls_aes_crypt_cfb128	4	static
ssl_func_stubs.c:1122:5:mbedtls_aes_crypt_cfb8	4	static
ssl_func_stubs.c:1127:5:mbedtls_aes_crypt_ctr	4	static
ssl_func_stubs.c:1133:6:mbedtls_des_init	0	static
ssl_func_stubs.c:1138:6:mbedtls_des_free	0	static
ssl_func_stubs.c:1143:6:mbedtls_des3_init	0	static
ssl_func_stubs.c:1148:6:mbedtls_des3_free	0	static
ssl_func_stubs.c:1153:6:mbedtls_des_key_set_parity	0	static
ssl_func_stubs.c:1158:5:mbedtls_des_key_check_key_parity	0	static
ssl_func_stubs.c:1163:5:mbedtls_des_key_check_weak	0	static
ssl_func_stubs.c:1168:6:mbedtls_des_setkey	0	static
ssl_func_stubs.c:1173:5:mbedtls_des_setkey_enc	0	static
ssl_func_stubs.c:1178:5:mbedtls_des_setkey_dec	0	static
ssl_func_stubs.c:1183:5:mbedtls_des3_set2key_enc	0	static
ssl_func_stubs.c:1188:5:mbedtls_des3_set2key_dec	0	static
ssl_func_stubs.c:1193:5:mbedtls_des3_set3key_enc	0	static
ssl_func_stubs.c:1198:5:mbedtls_des3_set3key_dec	0	static
ssl_func_stubs.c:1203:5:mbedtls_des_crypt_ecb	0	static
ssl_func_stubs.c:1208:5:mbedtls_des_crypt_cbc	4	static
ssl_func_stubs.c:1213:5:mbedtls_des3_crypt_ecb	0	static
ssl_func_stubs.c:1218:5:mbedtls_des3_crypt_cbc	4	static
ssl_func_stubs.c:1224:12:mbedtls_md_list	0	static
ssl_func_stubs.c:1229:26:mbedtls_md_info_from_string	0	static
ssl_func_stubs.c:1234:26:mbedtls_md_info_from_type	0	static
ssl_func_stubs.c:1239:6:mbedtls_md_init	0	static
ssl_func_stubs.c:1244:6:mbedtls_md_free	0	static
ssl_func_stubs.c:1249:5:mbedtls_md_clone	0	static
ssl_func_stubs.c:1254:5:mbedtls_md_setup	0	static
ssl_func_stubs.c:1259:5:mbedtls_md_init_ctx	0	static
ssl_func_stubs.c:1264:5:mbedtls_md_starts	0	static
ssl_func_stubs.c:1269:5:mbedtls_md_update	0	static
ssl_func_stubs.c:1274:5:mbedtls_md_finish	0	static
ssl_func_stubs.c:1279:5:mbedtls_md	4	static
ssl_func_stubs.c:1284:5:mbedtls_md_hmac_starts	0	static
ssl_func_stubs.c:1289:5:mbedtls_md_hmac_update	0	static
ssl_func_stubs.c:1294:5:mbedtls_md_hmac_finish	0	static
ssl_func_stubs.c:1299:5:mbedtls_md_hmac_reset	0	static
ssl_func_stubs.c:1304:5:mbedtls_md_hmac	4	static
ssl_func_stubs.c:1309:5:mbedtls_md_process	0	static
ssl_func_stubs.c:1314:15:mbedtls_md_get_size	0	static
ssl_func_stubs.c:1319:19:mbedtls_md_get_type	0	static
ssl_func_stubs.c:1324:13:mbedtls_md_get_name	0	static
ssl_func_stubs.c:1330:5:mbedtls_asn1_get_len	0	static
ssl_func_stubs.c:1335:5:mbedtls_asn1_get_tag	4	static
ssl_func_stubs.c:1340:5:mbedtls_asn1_get_bool	0	static
ssl_func_stubs.c:1345:5:mbedtls_asn1_get_int	0	static
ssl_func_stubs.c:1350:5:mbedtls_asn1_get_mpi	0	static
ssl_func_stubs.c:1355:5:mbedtls_asn1_get_bitstring	0	static
ssl_func_stubs.c:1360:5:mbedtls_asn1_get_bitstring_null	0	static
ssl_func_stubs.c:1365:5:mbedtls_asn1_get_sequence_of	4	static
ssl_func_stubs.c:1370:5:mbedtls_asn1_get_alg	4	static
ssl_func_stubs.c:1375:5:mbedtls_asn1_get_alg_null	0	static
ssl_func_stubs.c:1380:6:mbedtls_asn1_free_named_data	0	static
ssl_func_stubs.c:1385:6:mbedtls_asn1_free_named_data_list	0	static
ssl_func_stubs.c:1390:26:mbedtls_asn1_find_named_data	0	static
ssl_func_stubs.c:1396:5:mbedtls_asn1_write_len	0	static
ssl_func_stubs.c:1401:5:mbedtls_asn1_write_tag	0	static
ssl_func_stubs.c:1406:5:mbedtls_asn1_write_raw_buffer	4	static
ssl_func_stubs.c:1411:5:mbedtls_asn1_write_mpi	0	static
ssl_func_stubs.c:1416:5:mbedtls_asn1_write_null	0	static
ssl_func_stubs.c:1421:5:mbedtls_asn1_write_oid	4	static
ssl_func_stubs.c:1426:5:mbedtls_asn1_write_algorithm_identifier	4	static
ssl_func_stubs.c:1431:5:mbedtls_asn1_write_bool	0	static
ssl_func_stubs.c:1436:5:mbedtls_asn1_write_int	0	static
ssl_func_stubs.c:1441:5:mbedtls_asn1_write_printable_string	4	static
ssl_func_stubs.c:1446:5:mbedtls_asn1_write_ia5_string	4	static
ssl_func_stubs.c:1451:5:mbedtls_asn1_write_bitstring	4	static
ssl_func_stubs.c:1456:5:mbedtls_asn1_write_octet_string	4	static
ssl_func_stubs.c:1461:26:mbedtls_asn1_store_named_data	4	static
ssl_func_stubs.c:1467:5:mbedtls_base64_encode	4	static
ssl_func_stubs.c:1472:5:mbedtls_base64_decode	4	static
ssl_func_stubs.c:1478:6:mbedtls_rsa_init	0	static
ssl_func_stubs.c:1483:6:mbedtls_rsa_set_padding	0	static
ssl_func_stubs.c:1488:5:mbedtls_rsa_check_pubkey	0	static
ssl_func_stubs.c:1493:5:mbedtls_rsa_check_privkey	0	static
ssl_func_stubs.c:1498:5:mbedtls_rsa_check_pub_priv	0	static
ssl_func_stubs.c:1503:5:mbedtls_rsa_public	0	static
ssl_func_stubs.c:1508:5:mbedtls_rsa_private	4	static
ssl_func_stubs.c:1513:5:mbedtls_rsa_rsaes_oaep_encrypt	4	static
ssl_func_stubs.c:1518:5:mbedtls_rsa_rsaes_pkcs1_v15_encrypt	4	static
ssl_func_stubs.c:1523:5:mbedtls_rsa_pkcs1_encrypt	4	static
ssl_func_stubs.c:1528:5:mbedtls_rsa_rsaes_oaep_decrypt	4	static
ssl_func_stubs.c:1533:5:mbedtls_rsa_rsaes_pkcs1_v15_decrypt	4	static
ssl_func_stubs.c:1538:5:mbedtls_rsa_pkcs1_decrypt	4	static
ssl_func_stubs.c:1543:5:mbedtls_rsa_rsassa_pss_sign	8	static
ssl_func_stubs.c:1548:5:mbedtls_rsa_rsassa_pkcs1_v15_sign	8	static
ssl_func_stubs.c:1553:5:mbedtls_rsa_pkcs1_sign	8	static
ssl_func_stubs.c:1558:5:mbedtls_rsa_rsassa_pss_verify_ext	12	static
ssl_func_stubs.c:1563:5:mbedtls_rsa_rsassa_pss_verify	8	static
ssl_func_stubs.c:1568:5:mbedtls_rsa_rsassa_pkcs1_v15_verify	8	static
ssl_func_stubs.c:1573:5:mbedtls_rsa_pkcs1_verify	8	static
ssl_func_stubs.c:1578:6:mbedtls_rsa_free	0	static
ssl_func_stubs.c:1583:5:mbedtls_rsa_gen_key	4	static
ssl_func_stubs.c:1588:5:mbedtls_rsa_copy	0	static
ssl_func_stubs.c:1594:6:mbedtls_ctr_drbg_init	0	static
ssl_func_stubs.c:1599:6:mbedtls_ctr_drbg_free	0	static
ssl_func_stubs.c:1604:6:mbedtls_ctr_drbg_set_prediction_resistance	0	static
ssl_func_stubs.c:1609:6:mbedtls_ctr_drbg_set_entropy_len	0	static
ssl_func_stubs.c:1614:6:mbedtls_ctr_drbg_set_reseed_interval	0	static
ssl_func_stubs.c:1619:6:mbedtls_ctr_drbg_update	0	static
ssl_func_stubs.c:1624:5:mbedtls_ctr_drbg_reseed	0	static
ssl_func_stubs.c:1629:5:mbedtls_ctr_drbg_seed_entropy_len	4	static
ssl_func_stubs.c:1634:5:mbedtls_ctr_drbg_seed	4	static
ssl_func_stubs.c:1639:5:mbedtls_ctr_drbg_random_with_add	4	static
ssl_func_stubs.c:1644:5:mbedtls_ctr_drbg_random	0	static
ssl_func_stubs.c:1649:6:mbedtls_hmac_drbg_init	0	static
ssl_func_stubs.c:1654:6:mbedtls_hmac_drbg_update	0	static
ssl_func_stubs.c:1659:5:mbedtls_hmac_drbg_seed_buf	4	static
ssl_func_stubs.c:1664:5:mbedtls_hmac_drbg_reseed	0	static
ssl_func_stubs.c:1669:5:mbedtls_hmac_drbg_seed	4	static
ssl_func_stubs.c:1674:6:mbedtls_hmac_drbg_set_prediction_resistance	0	static
ssl_func_stubs.c:1679:6:mbedtls_hmac_drbg_set_entropy_len	0	static
ssl_func_stubs.c:1684:6:mbedtls_hmac_drbg_set_reseed_interval	0	static
ssl_func_stubs.c:1689:5:mbedtls_hmac_drbg_random_with_add	4	static
ssl_func_stubs.c:1694:5:mbedtls_hmac_drbg_random	0	static
ssl_func_stubs.c:1699:6:mbedtls_hmac_drbg_free	0	static
ssl_func_stubs.c:1705:6:mbedtls_pem_init	0	static
ssl_func_stubs.c:1710:5:mbedtls_pem_read_buffer	4	static
ssl_func_stubs.c:1715:6:mbedtls_pem_free	0	static
ssl_func_stubs.c:1720:5:mbedtls_pem_write_buffer	4	static
ssl_func_stubs.c:1726:6:mbedtls_dhm_init	0	static
ssl_func_stubs.c:1731:5:mbedtls_dhm_read_params	0	static
ssl_func_stubs.c:1736:5:mbedtls_dhm_make_params	4	static
ssl_func_stubs.c:1741:5:mbedtls_dhm_read_public	0	static
ssl_func_stubs.c:1746:5:mbedtls_dhm_make_public	4	static
ssl_func_stubs.c:1751:5:mbedtls_dhm_calc_secret	4	static
ssl_func_stubs.c:1756:6:mbedtls_dhm_free	0	static
ssl_func_stubs.c:1761:5:mbedtls_dhm_parse_dhm	0	static
ssl_func_stubs.c:1767:6:mbedtls_ecjpake_init	0	static
ssl_func_stubs.c:1772:6:mbedtls_ecjpake_free	0	static
ssl_func_stubs.c:1777:5:mbedtls_ecjpake_setup	4	static
ssl_func_stubs.c:1782:5:mbedtls_ecjpake_check	0	static
ssl_func_stubs.c:1787:5:mbedtls_ecjpake_read_round_one	0	static
ssl_func_stubs.c:1792:5:mbedtls_ecjpake_write_round_one	4	static
ssl_func_stubs.c:1797:5:mbedtls_ecjpake_read_round_two	0	static
ssl_func_stubs.c:1802:5:mbedtls_ecjpake_write_round_two	4	static
ssl_func_stubs.c:1807:5:mbedtls_ecjpake_derive_secret	4	static
ssl_func_stubs.c:1813:6:mbedtls_arc4_init	0	static
ssl_func_stubs.c:1818:6:mbedtls_arc4_free	0	static
ssl_func_stubs.c:1823:6:mbedtls_arc4_setup	0	static
ssl_func_stubs.c:1828:5:mbedtls_arc4_crypt	4	static
ssl_func_stubs.c:1834:5:mbedtls_ecdh_gen_public	4	static
ssl_func_stubs.c:1839:5:mbedtls_ecdh_compute_shared	4	static
ssl_func_stubs.c:1844:6:mbedtls_ecdh_init	0	static
ssl_func_stubs.c:1849:6:mbedtls_ecdh_free	0	static
ssl_func_stubs.c:1854:5:mbedtls_ecdh_make_params	4	static
ssl_func_stubs.c:1859:5:mbedtls_ecdh_read_params	0	static
ssl_func_stubs.c:1864:5:mbedtls_ecdh_get_params	0	static
ssl_func_stubs.c:1869:5:mbedtls_ecdh_make_public	4	static
ssl_func_stubs.c:1874:5:mbedtls_ecdh_read_public	0	static
ssl_func_stubs.c:1879:5:mbedtls_ecdh_calc_secret	4	static
ssl_func_stubs.c:1885:5:mbedtls_ecdsa_sign	4	static
ssl_func_stubs.c:1890:5:mbedtls_ecdsa_sign_det	4	static
ssl_func_stubs.c:1895:5:mbedtls_ecdsa_verify	4	static
ssl_func_stubs.c:1900:5:mbedtls_ecdsa_write_signature	4	static
ssl_func_stubs.c:1905:5:mbedtls_ecdsa_write_signature_det	4	static
ssl_func_stubs.c:1910:5:mbedtls_ecdsa_read_signature	4	static
ssl_func_stubs.c:1915:5:mbedtls_ecdsa_genkey	4	static
ssl_func_stubs.c:1920:5:mbedtls_ecdsa_from_keypair	0	static
ssl_func_stubs.c:1925:6:mbedtls_ecdsa_init	0	static
ssl_func_stubs.c:1930:6:mbedtls_ecdsa_free	0	static
ssl_func_stubs.c:1936:6:mbedtls_pk_init	0	static
ssl_func_stubs.c:1941:6:mbedtls_pk_free	0	static
ssl_func_stubs.c:1946:26:mbedtls_pk_info_from_type	0	static
ssl_func_stubs.c:1951:5:mbedtls_pk_setup	0	static
ssl_func_stubs.c:1956:5:mbedtls_pk_setup_rsa_alt	4	static
ssl_func_stubs.c:1961:5:mbedtls_pk_can_do	0	static
ssl_func_stubs.c:1966:5:mbedtls_pk_verify	4	static
ssl_func_stubs.c:1971:5:mbedtls_pk_verify_ext	4	static
ssl_func_stubs.c:1976:5:mbedtls_pk_sign	4	static
ssl_func_stubs.c:1981:5:mbedtls_pk_decrypt	4	static
ssl_func_stubs.c:1986:5:mbedtls_pk_encrypt	4	static
ssl_func_stubs.c:1991:5:mbedtls_pk_check_pair	0	static
ssl_func_stubs.c:1996:8:mbedtls_pk_get_bitlen	0	static
ssl_func_stubs.c:2001:5:mbedtls_pk_debug	0	static
ssl_func_stubs.c:2006:13:mbedtls_pk_get_name	0	static
ssl_func_stubs.c:2011:19:mbedtls_pk_get_type	0	static
ssl_func_stubs.c:2017:5:mbedtls_pk_write_pubkey	0	static
ssl_func_stubs.c:2022:5:mbedtls_pk_write_pubkey_der	0	static
ssl_func_stubs.c:2027:5:mbedtls_pk_write_key_der	0	static
ssl_func_stubs.c:2032:5:mbedtls_pk_write_pubkey_pem	0	static
ssl_func_stubs.c:2037:5:mbedtls_pk_write_key_pem	0	static
