osdep_service.c:17:1:_htons	0	static
osdep_service.c:23:1:_ntohs	0	static
osdep_service.c:29:1:_htonl	0	static
osdep_service.c:38:1:_ntohl	0	static
osdep_service.c:48:5:RTW_STATUS_CODE	0	static
osdep_service.c:56:10:rtw_atoi	24	static
osdep_service.c:80:10:_rtw_vmalloc	0	static
osdep_service.c:95:10:_rtw_zvmalloc	0	static
osdep_service.c:110:6:_rtw_vmfree	0	static
osdep_service.c:126:10:_rtw_malloc	0	static
osdep_service.c:137:10:_rtw_zmalloc	0	static
osdep_service.c:148:6:_rtw_mfree	0	static
osdep_service.c:175:6:deinit_mem_monitor	0	static
osdep_service.c:248:6:del_mem_usage	0	static
osdep_service.c:347:6:rtw_vmfree	0	static
osdep_service.c:379:6:rtw_mfree	0	static
osdep_service.c:407:6:rtw_mfree2d	0	static
osdep_service.c:412:6:rtw_memcpy	0	static
osdep_service.c:420:5:rtw_memcmp	0	static
osdep_service.c:430:6:rtw_memset	0	static
osdep_service.c:438:6:rtw_init_listhead	0	static
osdep_service.c:448:10:rtw_is_list_empty	0	static
osdep_service.c:456:6:rtw_list_insert_head	0	static
osdep_service.c:461:6:rtw_list_insert_tail	0	static
osdep_service.c:471:6:rtw_list_delete	0	static
osdep_service.c:478:6:rtw_init_sema	0	static
osdep_service.c:486:6:rtw_free_sema	0	static
osdep_service.c:499:5:rtw_in_interrupt	0	static
osdep_service.c:509:6:rtw_up_sema	8	static
osdep_service.c:524:6:rtw_up_sema_from_isr	0	static
osdep_service.c:532:10:rtw_down_timeout_sema	0	static
osdep_service.c:542:10:rtw_down_sema	8	static
osdep_service.c:551:6:rtw_mutex_init	0	static
osdep_service.c:559:6:rtw_mutex_free	0	static
osdep_service.c:567:6:rtw_mutex_put	0	static
osdep_service.c:575:6:rtw_mutex_get	0	static
osdep_service.c:583:5:rtw_mutex_get_timeout	0	static
osdep_service.c:593:6:rtw_enter_critical	8	static
osdep_service.c:608:6:rtw_exit_critical	8	static
osdep_service.c:623:6:rtw_enter_critical_from_isr	0	static
osdep_service.c:631:6:rtw_exit_critical_from_isr	0	static
osdep_service.c:654:5:rtw_enter_critical_mutex	0	static
osdep_service.c:664:6:rtw_exit_critical_mutex	0	static
osdep_service.c:672:6:rtw_cpu_lock	0	static
osdep_service.c:680:6:rtw_cpu_unlock	0	static
osdep_service.c:694:10:rtw_queue_empty	0	static
osdep_service.c:700:10:rtw_end_of_queue_search	0	static
osdep_service.c:709:6:rtw_spinlock_init	0	static
osdep_service.c:688:6:rtw_init_queue	0	static
osdep_service.c:717:6:rtw_spinlock_free	0	static
osdep_service.c:725:6:rtw_spin_lock	0	static
osdep_service.c:639:6:rtw_enter_critical_bh	0	static
osdep_service.c:733:6:rtw_spin_unlock	0	static
osdep_service.c:646:6:rtw_exit_critical_bh	0	static
osdep_service.c:741:6:rtw_spinlock_irqsave	0	static
osdep_service.c:749:6:rtw_spinunlock_irqsave	0	static
osdep_service.c:758:5:rtw_init_xqueue	4	static
osdep_service.c:768:5:rtw_push_to_xqueue	0	static
osdep_service.c:778:5:rtw_pop_from_xqueue	0	static
osdep_service.c:1188:13:worker_thread_main	40	static
osdep_service.c:788:5:rtw_peek_from_xqueue	0	static
osdep_service.c:798:5:rtw_deinit_xqueue	0	static
osdep_service.c:839:10:rtw_get_current_time	0	static
osdep_service.c:849:10:rtw_systime_to_ms	0	static
osdep_service.c:859:10:rtw_systime_to_sec	0	static
osdep_service.c:869:10:rtw_ms_to_systime	0	static
osdep_service.c:879:10:rtw_sec_to_systime	0	static
osdep_service.c:890:9:rtw_get_passing_time_ms	8	static
osdep_service.c:895:9:rtw_get_time_interval_ms	0	static
osdep_service.c:900:6:rtw_msleep_os	0	static
osdep_service.c:908:6:rtw_usleep_os	0	static
osdep_service.c:916:6:rtw_mdelay_os	0	static
osdep_service.c:924:6:rtw_udelay_os	0	static
osdep_service.c:932:6:rtw_yield_os	0	static
osdep_service.c:940:6:ATOMIC_SET	0	static
osdep_service.c:948:5:ATOMIC_READ	0	static
osdep_service.c:958:6:ATOMIC_ADD	0	static
osdep_service.c:966:6:ATOMIC_SUB	0	static
osdep_service.c:974:6:ATOMIC_INC	0	static
osdep_service.c:982:6:ATOMIC_DEC	0	static
osdep_service.c:990:5:ATOMIC_ADD_RETURN	0	static
osdep_service.c:1000:5:ATOMIC_SUB_RETURN	0	static
osdep_service.c:1010:5:ATOMIC_INC_RETURN	0	static
osdep_service.c:1020:5:ATOMIC_DEC_RETURN	0	static
osdep_service.c:1030:5:ATOMIC_DEC_AND_TEST	8	static
osdep_service.c:1035:10:rtw_modular64	4	static
osdep_service.c:1045:5:rtw_get_random_bytes	0	static
osdep_service.c:1055:10:rtw_getFreeHeapSize	0	static
osdep_service.c:163:6:init_mem_monitor	8	static
osdep_service.c:205:6:add_mem_usage	16	static
osdep_service.c:325:10:rtw_vmalloc	24	static
osdep_service.c:336:10:rtw_zvmalloc	24	static
osdep_service.c:357:10:rtw_malloc	24	static
osdep_service.c:368:10:rtw_zmalloc	24	static
osdep_service.c:390:7:rtw_malloc2d	24	static
osdep_service.c:1065:5:rtw_netif_queue_stopped	0	static
osdep_service.c:1073:6:rtw_netif_wake_queue	0	static
osdep_service.c:1079:6:rtw_netif_start_queue	0	static
osdep_service.c:1085:6:rtw_netif_stop_queue	0	static
osdep_service.c:1091:6:flush_signals_thread	0	static
osdep_service.c:1095:6:rtw_acquire_wakelock	0	static
osdep_service.c:1103:6:rtw_release_wakelock	0	static
osdep_service.c:1111:6:rtw_wakelock_timeout	0	static
osdep_service.c:1119:5:rtw_create_task	12	static
osdep_service.c:1128:6:rtw_delete_task	0	static
osdep_service.c:1137:6:rtw_wakeup_task	0	static
osdep_service.c:1147:6:rtw_set_priority_task	0	static
osdep_service.c:1157:5:rtw_get_priority_task	0	static
osdep_service.c:1167:6:rtw_suspend_task	0	static
osdep_service.c:1177:6:rtw_resume_task	0	static
osdep_service.c:1207:5:rtw_create_worker_thread	32	static
osdep_service.c:1228:5:rtw_delete_worker_thread	8	static
osdep_service.c:1240:14:rtw_timerCreate	8	static
osdep_service.c:1255:10:rtw_timerDelete	0	static
osdep_service.c:1266:10:rtw_timerIsTimerActive	0	static
osdep_service.c:1276:10:rtw_timerStop	0	static
osdep_service.c:1287:10:rtw_timerChangePeriod	0	static
osdep_service.c:1299:7:rtw_timerGetID	0	static
osdep_service.c:1309:10:rtw_timerStart	0	static
osdep_service.c:1319:10:rtw_timerStartFromISR	0	static
osdep_service.c:1330:10:rtw_timerStopFromISR	0	static
osdep_service.c:1341:10:rtw_timerResetFromISR	0	static
osdep_service.c:1352:10:rtw_timerChangePeriodFromISR	0	static
osdep_service.c:1364:10:rtw_timerReset	0	static
osdep_service.c:1418:6:rtw_thread_enter	0	static
osdep_service.c:1426:6:rtw_thread_exit	0	static
osdep_service.c:1434:9:rtw_get_scheduler_state	0	static
osdep_service.c:1448:6:rtw_create_secure_context	0	static
osdep_service.c:1457:7:rtw_get_current_TaskHandle	0	static
