hci_process.c:157:12:freq_cmp	0	static
hci_process.c:34:9:hci_tp_read_local_ver	8	static
hci_process.c:80:9:hci_tp_read_rom_ver	8	static
hci_process.c:536:9:hci_tp_hci_reset	8	static
hci_process.c:263:9:hci_tp_download_patch	32	static
hci_process.c:509:9:hci_tp_write_efuse_iqk	8	static
hci_process.c:402:9:hci_set_baudrate_check	16	static
hci_process.c:60:9:hci_read_local_version_check	8	static
hci_process.c:353:9:hci_tp_set_controller_baudrate	8	static
hci_process.c:105:9:hci_read_rom_check	16	static
hci_process.c:333:9:hci_download_patch_check	8	static
hci_process.c:486:9:hci_write_rf_check	8	static
hci_process.c:126:9:hci_tp_read_thermal	8	static
hci_process.c:169:9:hci_thermal_check	16	static
hci_process.c:222:5:hci_set_patch	32	static
hci_process.c:415:9:hci_tp_rf_radio_ver	16	static
hci_process.c:450:9:hci_tp_rf_radio_ver_flow	8	static
hci_process.c:446:6:reset_iqk_type	0	static
hci_process.c:581:9:hci_tp_tx_test_cmd	8	static
hci_process.c:611:9:hci_tp_rx_test_cmd	8	static
hci_process.c:639:9:hci_tp_test_end_cmd	8	static
