hci_board.c:69:13:set_reg_value	8	static
hci_board.c:102:5:hci_rtk_parse_config	64	static
hci_board.c:332:10:hci_rtk_combine_config	24	static
hci_board.c:360:10:fix_config_len	0	static
hci_board.c:366:5:hci_rtk_find_patch	80	static
hci_board.c:547:6:hci_uart_out	8	static
hci_board.c:567:6:bt_dump_iqk	8	static
hci_board.c:578:5:hci_read_efuse	16	static
hci_board.c:619:5:hci_board_init	8	static
hci_board.c:652:6:bt_power_on	0	static
hci_board.c:657:6:bt_power_off	8	static
hci_board.c:664:6:hci_normal_start	8	static
hci_board.c:674:6:bt_reset	8	static
hci_board.c:703:6:bt_only_enable_func	8	static
hci_board.c:735:6:bt_enable_func_uart_only	8	static
hci_board.c:757:5:bt_iqk_efuse_valid	8	static
hci_board.c:807:5:bt_iqk_logic_efuse_valid	8	static
hci_board.c:830:5:bt_check_iqk	32	static
hci_board.c:893:5:hci_start_iqk	16	static
hci_board.c:923:5:bt_mp_driver_init_done	0	static
hci_board.c:928:5:hci_board_complete	8	static
hci_board.c:941:6:bt_write_lgc_efuse_value	8	static
