epb_MmBp.c:70:5:epb_base_request_pack_size	0	static
epb_MmBp.c:78:5:epb_pack_base_request	24	static
epb_MmBp.c:87:15:epb_unpack_base_response	24	static
epb_MmBp.c:109:6:epb_unpack_base_response_free	0	static
epb_MmBp.c:114:11:epb_unpack_base_push	24	static
epb_MmBp.c:125:6:epb_unpack_base_push_free	0	static
epb_MmBp.c:130:5:epb_auth_request_pack_size	16	static
epb_MmBp.c:169:5:epb_pack_auth_request	32	static
epb_MmBp.c:233:15:epb_unpack_auth_response	40	static
epb_MmBp.c:265:6:epb_unpack_auth_response_free	8	static
epb_MmBp.c:271:5:epb_init_request_pack_size	16	static
epb_MmBp.c:291:5:epb_pack_init_request	32	static
epb_MmBp.c:327:15:epb_unpack_init_response	40	static
epb_MmBp.c:416:6:epb_unpack_init_response_free	8	static
epb_MmBp.c:422:5:epb_send_data_request_pack_size	16	static
epb_MmBp.c:438:5:epb_pack_send_data_request	32	static
epb_MmBp.c:469:19:epb_unpack_send_data_response	40	static
epb_MmBp.c:501:6:epb_unpack_send_data_response_free	8	static
epb_MmBp.c:507:15:epb_unpack_recv_data_push	40	static
epb_MmBp.c:543:6:epb_unpack_recv_data_push_free	8	static
epb_MmBp.c:549:17:epb_unpack_switch_view_push	40	static
epb_MmBp.c:585:6:epb_unpack_switch_view_push_free	8	static
epb_MmBp.c:591:22:epb_unpack_switch_backgroud_push	40	static
epb_MmBp.c:624:6:epb_unpack_switch_backgroud_push_free	8	static
