hal_pwm.c:49:6:hal_pwm_comm_irq_reg	0	static
hal_pwm.c:61:6:hal_pwm_comm_irq_unreg	0	static
hal_pwm.c:74:6:hal_pwm_comm_init	0	static
hal_pwm.c:85:6:hal_pwm_comm_deinit	0	static
hal_pwm.c:98:6:hal_pwm_comm_tick_source_list	0	static
hal_pwm.c:116:14:hal_pwm_init	16	static
hal_pwm.c:137:6:hal_pwm_deinit	8	static
hal_pwm.c:151:9:hal_pwm_enable_sts	0	static
hal_pwm.c:164:6:hal_pwm_comm_enable	0	static
hal_pwm.c:176:6:hal_pwm_comm_disable	0	static
hal_pwm.c:188:6:hal_pwm_enable	0	static
hal_pwm.c:200:6:hal_pwm_disable	0	static
hal_pwm.c:213:6:hal_pwm_set_clk_sel	0	static
hal_pwm.c:225:6:hal_pwm_wait_ctrl_ready	0	static
hal_pwm.c:240:14:hal_pwm_set_tick_time	0	static
hal_pwm.c:256:14:hal_pwm_set_duty	4	static
hal_pwm.c:273:14:hal_pwm_set_duty_ns	4	static
hal_pwm.c:286:10:hal_pwm_read_duty	0	static
hal_pwm.c:299:6:hal_pwm_change_duty	0	static
hal_pwm.c:315:14:hal_pwm_set_duty_limit	0	static
hal_pwm.c:329:6:hal_pwm_set_auto_duty_adj	0	static
hal_pwm.c:342:6:hal_pwm_auto_duty_en	0	static
hal_pwm.c:358:14:hal_pwm_set_auto_duty_inc	4	static
hal_pwm.c:375:14:hal_pwm_set_auto_duty_dec	4	static
hal_pwm.c:392:14:hal_pwm_set_auto_duty_loop	0	static
hal_pwm.c:408:6:hal_pwm_set_period_int	4	static
hal_pwm.c:424:6:hal_pwm_set_autoadj_int	4	static
hal_pwm.c:440:6:hal_pwm_set_autoadj_loop_int	0	static
hal_pwm.c:456:14:hal_pwm_auto_duty_inc	4	static
hal_pwm.c:473:14:hal_pwm_auto_duty_dec	4	static
hal_pwm.c:492:14:hal_pwm_auto_duty_loop	4	static
hal_pwm.c:505:6:hal_pwm_stop_duty_loop	0	static
hal_pwm.c:521:14:hal_pwm_auto_duty_ns_inc	4	static
hal_pwm.c:538:14:hal_pwm_auto_duty_ns_dec	4	static
