hal_flash.c:107:6:hal_flash_read_unique_id	0	static
hal_flash.c:123:14:hal_flash_read_id	0	static
hal_flash.c:137:6:hal_flash_set_write_enable	0	static
hal_flash.c:155:6:hal_flash_set_status	0	static
hal_flash.c:173:6:hal_flash_set_status_no_check	0	static
hal_flash.c:193:6:hal_flash_set_status_with_addr	4	static
hal_flash.c:211:6:hal_flash_set_extended_addr	0	static
hal_flash.c:229:6:hal_flash_set_write_protect_mode	0	static
hal_flash.c:245:9:hal_flash_get_status	0	static
hal_flash.c:263:9:hal_flash_get_status_with_addr	0	static
hal_flash.c:278:9:hal_flash_get_extended_addr	0	static
hal_flash.c:292:6:hal_flash_wait_ready	0	static
hal_flash.c:306:6:hal_flash_chip_erase	0	static
hal_flash.c:322:6:hal_flash_64k_block_erase	0	static
hal_flash.c:338:6:hal_flash_32k_block_erase	0	static
hal_flash.c:354:6:hal_flash_sector_erase	0	static
hal_flash.c:370:9:hal_flash_query_sector_protect_state	0	static
hal_flash.c:387:6:hal_flash_protect_sector	0	static
hal_flash.c:404:6:hal_flash_unprotect_sector	0	static
hal_flash.c:419:6:hal_flash_global_lock	0	static
hal_flash.c:434:6:hal_flash_global_unlock	0	static
hal_flash.c:450:6:hal_flash_set_dummy_cycle	0	static
hal_flash.c:465:6:hal_flash_set_quad_enable	24	static
hal_flash.c:512:6:hal_flash_unset_quad_enable	24	static
hal_flash.c:561:6:hal_flash_enable_qpi	0	static
hal_flash.c:578:6:hal_flash_return_spi	40	static
hal_flash.c:640:14:hal_flash_enter_power_down	0	static
hal_flash.c:655:14:hal_flash_release_from_power_down	0	static
hal_flash.c:671:6:hal_flash_stream_read	4	static
hal_flash.c:687:6:hal_flash_stream_write	4	static
hal_flash.c:703:6:hal_flash_burst_read	4	static
hal_flash.c:790:6:hal_flash_page_program	4	static
hal_flash.c:807:6:hal_flash_read_write_flash	296	static
hal_flash.c:719:6:hal_flash_burst_write	48	static
hal_flash.c:957:6:hal_flash_reset_to_spi	0	static
hal_flash.c:970:6:hal_flash_support_new_type	0	static
