hal_gpio.h:445:28:hal_gpio_schmitt_ctrl	0	static
hal_sdio_dev.c:473:6:hal_sdio_dev_dcache_clean_by_addr	0	static
hal_sdio_dev.c:489:6:hal_sdio_dev_dcache_invalidate_by_addr	0	static
hal_sdio_dev.c:527:6:hal_sdio_dev_reset_cmd	0	static
hal_sdio_dev.c:233:14:hal_sdio_txbd_hdl_init	16	static
hal_sdio_dev.c:246:6:hal_sdio_txbd_hdl_deinit	8	static
hal_sdio_dev.c:277:6:hal_sdio_rxbd_tr_done_callback	24	static
hal_sdio_dev.c:537:9:hal_sdio_dev_process_rpwm	8	static
hal_sdio_dev.c:557:9:hal_sdio_dev_process_rpwm2	8	static
hal_sdio_dev.c:368:6:hal_sdio_os_wait_tx_bd	0	static
hal_sdio_dev.c:374:6:hal_sdio_os_wait_rx_bd	0	static
hal_sdio_dev.c:298:10:hal_sdio_dev_tx_task_down	0	static
hal_sdio_dev.c:323:10:hal_sdio_dev_rx_task_down	0	static
hal_sdio_dev.c:308:9:hal_sdio_dev_tx_task_up	8	static
hal_sdio_dev.c:333:9:hal_sdio_dev_rx_task_up	8	static
hal_sdio_dev.c:353:5:hal_sdio_dev_pop_msg_queue	0	static
hal_sdio_dev.c:358:6:hal_sdio_rx_lock	0	static
hal_sdio_dev.c:363:6:hal_sdio_rx_unlock	0	static
hal_sdio_dev.c:435:14:hal_sdio_dev_os_deinit	8	static
hal_sdio_dev.c:264:8:hal_sdio_txbd_rdy_callback	24	static
hal_sdio_dev.c:254:6:hal_sdio_txbd_buf_do_refill	16	static
hal_sdio_dev.c:1227:6:hal_sdio_dev_free_rx_pkt	16	static
hal_sdio_dev.c:380:14:hal_sdio_dev_os_init	32	static
hal_sdio_dev.c:506:6:hal_sdio_dev_cmd11_handle	24	static
hal_sdio_dev.c:348:6:hal_sdio_task_exit	0	static
hal_sdio_dev.c:715:14:hal_sdio_dev_init	24	static
hal_sdio_dev.c:930:6:hal_sdio_dev_deinit	24	static
hal_sdio_dev.c:1000:6:hal_sdio_dev_send_c2h_iomsg	0	static
hal_sdio_dev.c:1120:6:hal_sdio_dev_register_rx_done_callback	0	static
hal_sdio_dev.c:1143:6:hal_sdio_dev_register_tx_callback	0	static
hal_sdio_dev.c:1163:6:hal_sdio_dev_register_h2c_msg_callback	0	static
hal_sdio_dev.c:1184:20:hal_sdio_dev_alloc_rx_pkt	16	static
hal_sdio_dev.c:1313:8:hal_sdio_dev_msg_handler	16	static
hal_sdio_dev.c:1252:8:hal_sdio_dev_rx_pkt_queue_push	32	static
hal_sdio_dev.c:1357:8:hal_sdio_dev_send_msg	16	static
