hal_gdma.h:411:20:hal_gdma_transfer_start	0	static
hal_i2c.c:52:14:hal_i2c_pin_register	16	static
hal_i2c.c:73:14:hal_i2c_pin_unregister	16	static
hal_i2c.c:140:9:hal_i2c_timeout_chk	0	static
hal_i2c.c:155:9:hal_i2c_chk_mod	0	static
hal_i2c.c:167:9:hal_i2c_pure_init	0	static
hal_i2c.c:180:9:hal_i2c_pure_deinit	0	static
hal_i2c.c:196:9:hal_i2c_en_ctrl	0	static
hal_i2c.c:208:14:hal_i2c_set_clk	0	static
hal_i2c.c:229:14:hal_i2c_intr_ctrl	0	static
hal_i2c.c:252:14:hal_i2c_wr	4	static
hal_i2c.c:274:6:hal_i2c_mst_send_rdcmd	0	static
hal_i2c.c:291:10:hal_i2c_dma_ctrl	0	static
hal_i2c.c:306:14:hal_i2c_mst_restr_ctrl	0	static
hal_i2c.c:322:14:hal_i2c_mst_gc_sb_ctrl	0	static
hal_i2c.c:338:14:hal_i2c_slv_no_ack_ctrl	0	static
hal_i2c.c:354:9:hal_i2c_slv_no_ack_sts	0	static
hal_i2c.c:368:14:hal_i2c_slv_ack_gc_ctrl	0	static
hal_i2c.c:382:9:hal_i2c_slv_ack_gc_sts	0	static
hal_i2c.c:394:14:hal_i2c_slv_to_slp	0	static
hal_i2c.c:410:9:hal_i2c_slv_chk_mst_wr	0	static
hal_i2c.c:427:9:hal_i2c_slv_chk_rd_req	0	static
hal_i2c.c:439:14:hal_i2c_power_init	0	static
hal_i2c.c:94:14:hal_i2c_init	16	static
hal_i2c.c:451:14:hal_i2c_power_deinit	0	static
hal_i2c.c:119:14:hal_i2c_deinit	16	static
hal_i2c.c:464:14:hal_i2c_load_default	0	static
hal_i2c.c:477:14:hal_i2c_set_tar	0	static
hal_i2c.c:489:14:hal_i2c_send_addr_retry	0	static
hal_i2c.c:501:14:hal_i2c_send_poll	0	static
hal_i2c.c:513:14:hal_i2c_send_intr	0	static
hal_i2c.c:525:14:hal_i2c_recv_addr_retry	0	static
hal_i2c.c:537:14:hal_i2c_recv_poll	0	static
hal_i2c.c:549:14:hal_i2c_recv_intr	0	static
hal_i2c.c:563:14:hal_i2c_set_sar	0	static
hal_i2c.c:575:10:hal_i2c_slv_recv_poll	0	static
hal_i2c.c:587:10:hal_i2c_slv_recv_intr	0	static
hal_i2c.c:599:10:hal_i2c_slv_send_poll	0	static
hal_i2c.c:611:10:hal_i2c_slv_send_intr	0	static
hal_i2c.c:624:6:hal_i2c_reg_comm_irq	0	static
hal_i2c.c:637:6:hal_i2c_reg_irq	0	static
hal_i2c.c:649:9:hal_i2c_unreg_irq	0	static
hal_i2c.c:662:14:hal_i2c_send_dma_init	24	static
hal_i2c.c:721:14:hal_i2c_send_dma_deinit	8	static
hal_i2c.c:744:14:hal_i2c_send_dma	16	static
hal_i2c.c:829:14:hal_i2c_send	16	static
hal_i2c.c:887:14:hal_i2c_recv_dma_init	24	static
hal_i2c.c:951:14:hal_i2c_recv_dma_deinit	8	static
hal_i2c.c:973:14:hal_i2c_recv_dma	16	static
hal_i2c.c:1055:14:hal_i2c_receive	16	static
hal_i2c.c:1113:10:hal_i2c_slv_send_dma	16	static
hal_i2c.c:1177:14:hal_i2c_slv_send	8	static
hal_i2c.c:1217:10:hal_i2c_slv_recv_dma	16	static
hal_i2c.c:1275:14:hal_i2c_slv_recv	8	static
