memory.h:79:21:rt_memcpy	0	static
hal_spic.c:79:6:spic_load_default_setting	0	static
hal_spic.c:93:9:spic_query_system_clk	0	static
hal_spic.c:106:6:spic_clock_ctrl	0	static
hal_spic.c:126:14:spic_init_setting	0	static
hal_spic.c:140:6:spic_config_auto_mode	16	static
hal_spic.c:215:6:spic_config_user_mode	0	static
hal_spic.c:228:6:spic_verify_calibration_para	0	static
hal_spic.c:242:6:spic_set_chnl_num	0	static
hal_spic.c:256:6:spic_set_delay_line	0	static
hal_spic.c:272:6:spic_rx_cmd	4	static
hal_spic.c:288:6:spic_tx_cmd_no_check	4	static
hal_spic.c:304:6:spic_tx_cmd	4	static
hal_spic.c:317:6:spic_wait_ready	0	static
hal_spic.c:330:6:spic_flush_fifo	0	static
hal_spic.c:345:14:spic_pinmux_ctl	16	static
hal_spic.c:488:14:spic_deinit	8	static
hal_spic.c:805:6:spic_load_calibration_setting	48	static
hal_spic.c:860:6:spic_store_calibration_setting	24	static
hal_spic.c:510:6:spic_calibration	72	static
hal_spic.c:414:14:spic_init	40	static
hal_spic.c:898:6:spic_store_setting	24	static
hal_spic.c:926:6:spic_recover_setting	32	static
