wifi_eap_config.c:94:6:eap_disconnected_hdl	8	static
wifi_eap_config.c:51:6:set_eap_phase	0	static
wifi_eap_config.c:55:5:get_eap_phase	0	static
wifi_eap_config.c:59:5:get_eap_method	0	static
wifi_eap_config.c:64:6:reset_config	0	static
wifi_eap_config.c:74:6:judge_station_disconnect	48	static
wifi_eap_config.c:185:5:eap_start	0	static
wifi_eap_config.c:273:5:connect_by_open_system	24	static
wifi_eap_config.c:309:6:eap_autoreconnect_thread	0	static
wifi_eap_config.c:316:6:eap_autoreconnect_hdl	0	static
wifi_eap_config.c:552:5:eap_cert_init	0	static
wifi_eap_config.c:584:6:eap_client_cert_free	0	static
wifi_eap_config.c:603:6:eap_server_cert_free	0	static
wifi_eap_config.c:616:5:eap_cert_setup	0	static
