tasks.c:1185:13:prvAddNewTaskToReadyList	24	static
tasks.c:3908:13:prvResetNextTaskUnblockTime	0	static
tasks.c:5090:13:prvAddCurrentTaskToDelayedList	24	static
tasks.c:981:13:prvInitialiseNewTask.isra.4	32	static
tasks.c:3399:13:prvIdleTask	8	static
tasks.c:756:13:xTaskCreate	48	static
tasks.c:850:13:xTaskGenericCreate	56	static
tasks.c:1562:14:uxTaskPriorityGet	8	static
tasks.c:1584:14:uxTaskPriorityGetFromISR	8	static
tasks.c:2183:6:vTaskEndScheduler	0	static
tasks.c:2194:6:vTaskSuspendAll	0	static
tasks.c:2384:12:xTaskGetTickCount	0	static
tasks.c:2399:12:xTaskGetTickCountFromISR	8	static
tasks.c:2430:13:uxTaskGetNumberOfTasks	0	static
tasks.c:2681:6:vTaskIncTick	0	static
tasks.c:3273:6:vTaskInternalSetTimeOutState	0	static
tasks.c:3344:6:vTaskMissedYield	0	static
tasks.c:3934:15:xTaskGetCurrentTaskHandle	0	static
tasks.c:3951:13:xTaskGetSchedulerState	0	static
tasks.c:2438:7:pcTaskGetName	8	static
tasks.c:1270:7:vTaskDelete	16	static
tasks.c:1491:13:eTaskGetState	16	static
tasks.c:1624:7:vTaskPrioritySet	24	static
tasks.c:1935:7:vTaskResume	16	static
tasks.c:2059:6:vTaskStartScheduler	16	static
tasks.c:2764:12:xTaskIncrementTick	40	static
tasks.c:2267:12:xTaskResumeAll	32	static
tasks.c:1362:7:vTaskDelayUntil	16	static
tasks.c:1446:7:vTaskDelay	8	static
tasks.c:3026:6:vTaskSwitchContext	24	static
tasks.c:1788:7:vTaskSuspend	16	static
tasks.c:3085:6:vTaskPlaceOnEventList	8	static
tasks.c:3102:6:vTaskPlaceOnUnorderedEventList	8	static
tasks.c:3128:7:vTaskPlaceOnEventListRestricted	16	static
tasks.c:3159:12:xTaskRemoveFromEventList	16	static
tasks.c:3227:6:vTaskRemoveFromUnorderedEventList	16	static
tasks.c:3261:6:vTaskSetTimeOutState	8	static
tasks.c:3281:12:xTaskCheckForTimeOut	16	static
tasks.c:3979:13:xTaskPriorityInherit	24	static
tasks.c:4066:13:xTaskPriorityDisinherit	16	static
tasks.c:4146:7:vTaskPriorityDisinheritAfterTimeout	16	static
tasks.c:4560:12:uxTaskResetEventItemValue	0	static
tasks.c:4576:8:pvTaskIncrementMutexHeldCount	0	static
tasks.c:4593:11:ulTaskNotifyTake	16	static
tasks.c:4661:13:xTaskNotifyWait	24	static
tasks.c:4741:13:xTaskGenericNotify	24	static
tasks.c:4847:13:xTaskGenericNotifyFromISR	32	static
tasks.c:4971:7:vTaskNotifyGiveFromISR	24	static
tasks.c:5060:13:xTaskNotifyStateClear	8	static
