libc_wrap.c:52:7:__wrap_malloc	0	static
libc_wrap.c:57:7:__wrap__malloc_r	0	static
libc_wrap.c:62:7:__wrap_realloc	0	static
libc_wrap.c:67:7:__wrap_calloc	0	static
libc_wrap.c:72:7:__wrap__calloc_r	0	static
libc_wrap.c:77:6:__wrap_free	0	static
libc_wrap.c:92:5:__wrap_printf	16	static
libc_wrap.c:106:5:__wrap_puts	0	static
libc_wrap.c:111:5:__wrap_vprintf	8	static
libc_wrap.c:122:5:__wrap_sprintf	28	static
libc_wrap.c:144:5:__wrap_snprintf	24	static
libc_wrap.c:166:5:__wrap_vsnprintf	16	static
libc_wrap.c:186:5:__wrap_memcmp	0	static
libc_wrap.c:191:7:__wrap_memcpy	0	static
libc_wrap.c:196:7:__wrap_memmove	0	static
libc_wrap.c:201:7:__wrap_memset	0	static
libc_wrap.c:208:7:__wrap_strcat	0	static
libc_wrap.c:213:7:__wrap_strchr	0	static
libc_wrap.c:218:5:__wrap_strcmp	0	static
libc_wrap.c:223:5:__wrap_strncmp	0	static
libc_wrap.c:228:5:__wrap_strnicmp	0	static
libc_wrap.c:234:7:__wrap_strcpy	0	static
libc_wrap.c:240:7:__wrap_strncpy	0	static
libc_wrap.c:246:8:__wrap_strlcpy	0	static
libc_wrap.c:252:8:__wrap_strlen	0	static
libc_wrap.c:258:8:__wrap_strnlen	0	static
libc_wrap.c:264:7:__wrap_strncat	0	static
libc_wrap.c:269:7:__wrap_strpbrk	0	static
libc_wrap.c:275:8:__wrap_strspn	0	static
libc_wrap.c:281:7:__wrap_strstr	0	static
libc_wrap.c:287:7:__wrap_strtok	0	static
libc_wrap.c:293:8:__wrap_strxfrm	0	static
libc_wrap.c:298:7:__wrap_strsep	0	static
libc_wrap.c:303:8:__wrap_strtod	0	static
libc_wrap.c:308:7:__wrap_strtof	0	static
libc_wrap.c:314:13:__wrap_strtold	0	static
libc_wrap.c:319:6:__wrap_strtol	0	static
libc_wrap.c:325:11:__wrap_strtoll	0	static
libc_wrap.c:331:15:__wrap_strtoul	0	static
libc_wrap.c:337:20:__wrap_strtoull	0	static
libc_wrap.c:342:5:__wrap_atoi	8	static
libc_wrap.c:374:14:__wrap_atoui	0	static
libc_wrap.c:379:6:__wrap_atol	0	static
libc_wrap.c:384:15:__wrap_atoul	0	static
libc_wrap.c:390:20:__wrap_atoull	0	static
libc_wrap.c:396:8:__wrap_atof	0	static
libc_wrap.c:401:6:__wrap_abort	8	static
libc_wrap.c:411:16:__aeabi_errno_addr	0	static
time.h:79:12:gmtime_r	32	static
libc_wrap.c:574:13:__wrap_localtime	0	static
libc_wrap.c:675:11:__wrap_mktime	32	static
