dhcp.c:1447:1:dhcp_set_state	0	static
dhcp.c:1462:1:dhcp_option	12	static
dhcp.c:1480:1:dhcp_option_short	12	static
dhcp.c:1488:1:dhcp_option_long	12	static
dhcp.c:2002:1:dhcp_option_trailer	8	static
dhcp.c:1874:1:dhcp_create_msg	24	static
dhcp.c:1981:1:dhcp_delete_msg	8	static
dhcp.c:298:1:dhcp_check	16	static
dhcp.c:1085:1:dhcp_bind	24	static
dhcp.c:221:1:dhcp_inc_pcb_refcount	16	static
dhcp.c:248:1:dhcp_dec_pcb_refcount	16	static
dhcp.c:609:1:dhcp_handle_ack.isra.2	24	static
dhcp.c:1022:1:dhcp_discover	24	static
dhcp.c:1297:1:dhcp_reboot	24	static
dhcp.c:359:1:dhcp_select	24	static
dhcp.c:1750:1:dhcp_recv	80	static
dhcp.c:700:1:dhcp_set_struct	16	static
dhcp.c:721:6:dhcp_cleanup	8	static
dhcp.c:853:1:dhcp_inform	88	static
dhcp.c:895:1:dhcp_network_changed	16	static
dhcp.c:940:1:dhcp_arp_reply	24	static
dhcp.c:1195:1:dhcp_renew	24	static
dhcp.c:1415:1:dhcp_stop	8	static
dhcp.c:745:1:dhcp_start	24	static
dhcp.c:2023:1:dhcp_supplied_address	0	static
dhcp.c:1352:1:dhcp_release	40	static
dhcp.c:424:1:dhcp_coarse_tmr	40	static
dhcp.c:468:1:dhcp_fine_tmr	16	static
