cJSON.c:39:12:cJSON_strcasecmp	12	static
cJSON.c:140:17:parse_hex4	8	static
cJSON.c:155:20:parse_string	48	static
cJSON.c:261:20:skip	0	static
cJSON.c:73:15:cJSON_New_Item	8	static
cJSON.c:49:14:cJSON_strdup	16	static
cJSON.c:517:15:create_reference	8	static
cJSON.c:215:14:print_string_ptr	32	static
cJSON.c:302:14:print_value	72	static
cJSON.c:37:13:cJSON_GetErrorPtr	0	static
cJSON.c:60:6:cJSON_InitHooks	8	static
cJSON.c:81:6:cJSON_Delete	16	static
cJSON.c:96:13:parse_number	56	static
cJSON.c:287:20:parse_value	24	static
cJSON.c:264:8:cJSON_ParseWithOpts	32	static
cJSON.c:280:8:cJSON_Parse	0	static
cJSON.c:283:7:cJSON_Print	0	static
cJSON.c:284:7:cJSON_PrintUnformatted	0	static
cJSON.c:510:5:cJSON_GetArraySize	0	static
cJSON.c:511:8:cJSON_GetArrayItem	0	static
cJSON.c:512:8:cJSON_GetObjectItem	16	static
cJSON.c:520:6:cJSON_AddItemToArray	0	static
cJSON.c:521:6:cJSON_AddItemToObject	16	static
cJSON.c:522:6:cJSON_AddItemReferenceToArray	8	static
cJSON.c:523:6:cJSON_AddItemReferenceToObject	16	static
cJSON.c:525:8:cJSON_DetachItemFromArray	12	static
cJSON.c:527:6:cJSON_DeleteItemFromArray	8	static
cJSON.c:528:8:cJSON_DetachItemFromObject	24	static
cJSON.c:529:6:cJSON_DeleteItemFromObject	8	static
cJSON.c:532:6:cJSON_ReplaceItemInArray	8	static
cJSON.c:535:6:cJSON_ReplaceItemInObject	24	static
cJSON.c:538:8:cJSON_CreateNull	8	static
cJSON.c:539:8:cJSON_CreateTrue	8	static
cJSON.c:540:8:cJSON_CreateFalse	8	static
cJSON.c:541:8:cJSON_CreateBool	8	static
cJSON.c:542:8:cJSON_CreateNumber	16	static
cJSON.c:543:8:cJSON_CreateString	16	static
cJSON.c:544:8:cJSON_CreateArray	8	static
cJSON.c:545:8:cJSON_CreateObject	8	static
cJSON.c:548:8:cJSON_CreateIntArray	24	static
cJSON.c:549:8:cJSON_CreateFloatArray	24	static
cJSON.c:550:8:cJSON_CreateDoubleArray	24	static
cJSON.c:551:8:cJSON_CreateStringArray	24	static
cJSON.c:554:8:cJSON_Duplicate	24	static
cJSON.c:581:6:cJSON_Minify	8	static
