xml.c:59:14:str_strip	16	static
xml.c:541:25:_xml_new_element	24	static
xml.c:19:7:xml_strstr	20	static
xml.c:98:13:_parse_tag	32	static
xml.c:54:6:xml_free	0	static
xml.c:220:5:xml_doc_name	80	static
xml.c:567:18:xml_new_element	24	static
xml.c:589:18:xml_new_text	16	static
xml.c:602:5:xml_is_element	0	static
xml.c:749:13:_xml_element_count	24	static
xml.c:774:13:_xml_find_element	24	static
xml.c:810:13:_xml_path_count	40	static
xml.c:913:13:_xml_find_path	40	static
xml.c:612:5:xml_is_text	0	static
xml.c:1036:12:xml_tree_size	48	static
xml.c:1092:13:_xml_dump_tree	64	static
xml.c:665:6:xml_delete_tree	8	static
xml.c:701:6:xml_add_child	8	static
xml.c:307:18:_xml_parse_doc	72	static
xml.c:430:18:xml_parse_doc	56	static
xml.c:498:18:xml_parse	32	static
xml.c:622:13:_xml_copy_tree	16	static
xml.c:644:18:xml_copy_tree	16	static
xml.c:721:6:xml_clear_child	8	static
xml.c:727:18:xml_text_child	8	static
xml.c:739:6:xml_set_text	16	static
xml.c:791:22:xml_find_element	24	static
xml.c:1009:22:xml_find_path	24	static
xml.c:1028:6:xml_delete_set	8	static
xml.c:1176:7:xml_dump_tree	16	static
xml.c:1189:7:xml_dump_tree_ex	32	static
xml.c:1221:6:xml_set_attribute	48	static
xml.c:1329:7:xml_get_attribute	24	static
