ble_central_at_cmd.c:44:16:ctoi	0	static
ble_central_at_cmd.c:61:16:hex_str_to_bd_addr	16	static
ble_central_at_cmd.c:84:12:hex_str_to_int	16	static
ble_central_at_cmd.c:110:5:ble_central_at_cmd_connect	56	static
ble_central_at_cmd.c:163:5:ble_central_at_cmd_modify_whitelist	40	static
ble_central_at_cmd.c:205:5:ble_central_at_cmd_disconnect	8	static
ble_central_at_cmd.c:214:5:ble_central_at_cmd_get_conn_info	40	static
ble_central_at_cmd.c:245:5:ble_central_at_cmd_update_conn_request	40	static
ble_central_at_cmd.c:266:5:ble_central_at_cmd_bond_information	48	static
ble_central_at_cmd.c:299:5:ble_central_at_cmd_get	40	static
ble_central_at_cmd.c:387:5:ble_central_at_cmd_scan	24	static
ble_central_at_cmd.c:519:5:ble_central_at_cmd_auth	32	static
ble_central_at_cmd.c:608:5:ble_central_at_cmd_send_userconf	16	static
ble_central_at_cmd.c:628:5:ble_central_at_cmd_read	56	static
ble_central_at_cmd.c:676:5:ble_central_at_cmd_write	568	static
ble_central_at_cmd.c:706:5:ble_central_at_cmd_set_scan_param	24	static
ble_central_at_cmd.c:777:5:ble_central_app_handle_at_cmd	64	static
