wifi_util.c:8:5:iw_ioctl	0	static
wifi_util.c:14:5:wext_get_ssid	48	static
wifi_util.c:44:5:wext_set_ssid	48	static
wifi_util.c:62:5:wext_set_bssid	48	static
wifi_util.c:83:5:wext_get_bssid	48	static
wifi_util.c:100:5:is_broadcast_ether_addr	0	static
wifi_util.c:105:5:wext_set_auth_param	48	static
wifi_util.c:121:5:wext_set_mfp_support	48	static
wifi_util.c:170:5:wext_set_key_ext	72	static
wifi_util.c:226:5:wext_get_enc_ext	56	static
wifi_util.c:259:5:wext_set_passphrase	48	static
wifi_util.c:277:5:wext_get_passphrase	48	static
wifi_util.c:319:5:wext_enable_powersave	56	static
wifi_util.c:357:5:wext_resume_powersave	48	static
wifi_util.c:390:5:wext_disable_powersave	48	static
wifi_util.c:429:5:wext_set_tdma_param	56	static
wifi_util.c:465:5:wext_set_lps_dtim	48	static
wifi_util.c:498:5:wext_get_lps_dtim	56	static
wifi_util.c:541:5:wext_set_lps_thresh	48	static
wifi_util.c:573:5:wext_set_beacon_mode	48	static
wifi_util.c:605:5:wext_set_lps_level	48	static
wifi_util.c:638:5:wext_close_lps_rf	48	static
wifi_util.c:670:5:wext_set_tos_value	48	static
wifi_util.c:719:5:wext_get_tx_power	48	static
wifi_util.c:788:5:wext_set_mode	48	static
wifi_util.c:803:5:wext_get_mode	48	static
wifi_util.c:820:5:wext_set_ap_ssid	48	static
wifi_util.c:843:5:wext_set_country	48	static
wifi_util.c:859:5:wext_get_rssi	48	static
wifi_util.c:875:5:wext_get_snr	48	static
wifi_util.c:891:5:wext_set_pscan_channel	56	static
wifi_util.c:921:5:wext_set_channel	48	static
wifi_util.c:939:5:wext_get_channel	48	static
wifi_util.c:980:5:wext_set_scan	56	static
wifi_util.c:1000:5:wext_get_scan	40	static
wifi_util.c:1015:5:wext_private_command_with_retval	64	static
wifi_util.c:1048:5:wext_private_command	80	static
wifi_util.c:956:5:wext_register_multicast_address	72	static
wifi_util.c:968:5:wext_unregister_multicast_address	80	static
wifi_util.c:1094:6:wext_wlan_indicate	24	static
wifi_util.c:1160:5:wext_send_eapol	56	static
wifi_util.c:1176:5:wext_send_mgnt	56	static
wifi_util.c:1192:5:wext_set_gen_ie	56	static
wifi_util.c:1208:5:wext_set_autoreconnect	56	static
wifi_util.c:1237:5:wext_get_autoreconnect	48	static
wifi_util.c:1262:5:wext_get_drv_ability	16	static
wifi_util.c:1276:5:wext_add_custom_ie	56	static
wifi_util.c:1310:5:wext_update_custom_ie	56	static
wifi_util.c:1345:5:wext_del_custom_ie	48	static
wifi_util.c:1374:5:wext_enable_forwarding	48	static
wifi_util.c:1402:5:wext_disable_forwarding	48	static
wifi_util.c:1433:5:wext_set_ch_deauth	16	static
wifi_util.c:1447:5:wext_set_adaptivity	0	static
wifi_util.c:1469:5:wext_set_adaptivity_th_l2h_ini	0	static
wifi_util.c:1476:5:wext_set_trp_tis	0	static
wifi_util.c:1494:5:wext_get_auto_chl	16	static
wifi_util.c:1506:5:wext_set_sta_num	0	static
wifi_util.c:1512:5:wext_del_station	0	static
wifi_util.c:1518:5:wext_init_mac_filter	16	static
wifi_util.c:1535:5:wext_deinit_mac_filter	8	static
wifi_util.c:1555:5:wext_add_mac_filter	16	static
wifi_util.c:1573:5:wext_del_mac_filter	24	static
wifi_util.c:1594:6:wext_set_indicate_mgnt	0	static
wifi_util.c:1619:5:wext_wowlan_ctrl	56	static
wifi_util.c:1653:5:wext_wowlan_set_pattern	48	static
wifi_util.c:1686:5:wext_wlan_redl_fw	48	static
wifi_util.c:1720:6:wext_set_lowrssi_use_b	0	static
