wifi_simple_config.c:476:12:SC_softAP_get_ap_security_mode	136	static
wifi_simple_config.c:439:12:SC_softAP_find_ap_from_scan_buf	32	static
wifi_simple_config.c:922:13:sc_callback_handler	24	static
wifi_simple_config.c:1309:13:sc_sta_asso_cb	0	static
wifi_simple_config.c:1108:6:simple_config_callback	40	static
wifi_simple_config.c:1321:13:simple_config_kick_STA	64	static
wifi_simple_config.c:1281:13:simpleConfig_get_softAP_profile	40	static
wifi_simple_config.c:1475:12:SimpleConfig_softAP_start	80	static
wifi_simple_config.c:293:6:SC_set_ack_content	16	static
wifi_simple_config.c:309:5:SC_send_simple_config_ack	208	static
wifi_simple_config.c:498:5:sc_set_val1	24	static
wifi_simple_config.c:536:5:get_connection_info_from_profile	144	static
wifi_simple_config.c:686:16:SC_translate_iw_security_mode	8	static
wifi_simple_config.c:717:16:SC_parse_scan_result_and_connect	256	static
wifi_simple_config.c:851:5:SC_connect_to_candidate_AP	40	static
wifi_simple_config.c:892:16:SC_translate_security	8	static
wifi_simple_config.c:936:5:sc_set_val2	24	static
wifi_simple_config.c:986:16:SC_connect_to_AP	120	static
wifi_simple_config.c:1575:13:simple_config_channel_control	344	static
wifi_simple_config.c:1146:6:init_simple_config_lib_config	0	static
wifi_simple_config.c:1166:5:init_test_data	64	static
wifi_simple_config.c:1248:6:deinit_test_data	8	static
wifi_simple_config.c:1274:6:stop_simple_config	0	static
wifi_simple_config.c:1783:16:simple_config_test	168	static
wifi_simple_config.c:1870:6:filter_add_enable	32	static
wifi_simple_config.c:1889:6:remove_filter	8	static
wifi_simple_config.c:1897:6:filter1_add_enable	144	static
wifi_simple_config.c:1936:6:remove1_filter	8	static
wifi_simple_config.c:1947:6:print_simple_config_result	8	static
wifi_simple_config.c:1985:6:cmd_simple_config	8	static
