wifi_conf.c:305:13:wifi_no_network_hdl	0	static
wifi_conf.c:1489:13:wifi_ap_sta_disassoc_hdl	0	static
wifi_conf.c:1798:6:wifi_scan_done_hdl	88	static
wifi_conf.c:342:13:wifi_handshake_done_hdl	0	static
wifi_conf.c:317:13:wifi_connected_hdl	8	static
wifi_conf.c:355:13:wifi_disconn_hdl	8	static
wifi_conf.c:1733:6:wifi_scan_each_report_hdl	24	static
wifi_conf.c:2407:6:wifi_autoreconnect_hdl	8	static
wifi_conf.c:1479:13:wifi_ap_sta_assoc_hdl	0	static
wifi_conf.c:294:6:wifi_rx_beacon_hdl	0	static
wifi_conf.c:852:5:wifi_disconnect	16	static
wifi_conf.c:868:5:wifi_is_connected_to_ap	0	static
wifi_conf.c:874:5:wifi_is_up	8	static
wifi_conf.c:901:5:wifi_is_ready_to_transceive	8	static
wifi_conf.c:923:5:wifi_set_mac_address	40	static
wifi_conf.c:931:5:wifi_get_mac_address	48	static
wifi_conf.c:943:5:wifi_enable_powersave	0	static
wifi_conf.c:948:5:wifi_resume_powersave	0	static
wifi_conf.c:953:5:wifi_disable_powersave	0	static
wifi_conf.c:958:6:wifi_btcoex_set_bt_on	0	static
wifi_conf.c:963:6:wifi_btcoex_set_bt_off	0	static
wifi_conf.c:998:5:wifi_get_associated_client_list	48	static
wifi_conf.c:1019:5:wifi_get_ap_bssid	8	static
wifi_conf.c:1029:5:wifi_get_ap_info	40	static
wifi_conf.c:1050:5:wifi_get_drv_ability	0	static
wifi_conf.c:1056:5:wifi_set_country	0	static
wifi_conf.c:1066:5:wifi_set_channel_plan	32	static
wifi_conf.c:1078:5:wifi_get_channel_plan	48	static
wifi_conf.c:1093:5:wifi_get_sta_max_data_rate	0	static
wifi_conf.c:1099:5:wifi_get_rssi	0	static
wifi_conf.c:1105:5:wifi_get_snr	0	static
wifi_conf.c:1111:5:wifi_set_channel	0	static
wifi_conf.c:1116:5:wifi_get_channel	0	static
wifi_conf.c:1122:5:wifi_register_multicast_address	0	static
wifi_conf.c:1127:5:wifi_unregister_multicast_address	0	static
wifi_conf.c:1133:29:wifi_set_mib	8	static
wifi_conf.c:1142:29:wifi_set_country_code	0	static
wifi_conf.c:1148:5:wifi_rf_on	0	static
wifi_conf.c:1156:5:wifi_rf_off	0	static
wifi_conf.c:1164:5:wifi_on	32	static
wifi_conf.c:1250:5:wifi_off	8	static
wifi_conf.c:1305:5:wifi_off_fastly	8	static
wifi_conf.c:1323:5:wifi_set_mode	56	static
wifi_conf.c:1438:5:wifi_set_power_mode	0	static
wifi_conf.c:1443:5:wifi_set_tdma_param	16	static
wifi_conf.c:1448:5:wifi_set_lps_dtim	0	static
wifi_conf.c:1453:5:wifi_get_lps_dtim	0	static
wifi_conf.c:1459:5:wifi_set_lps_thresh	0	static
wifi_conf.c:1464:5:wifi_set_beacon_mode	0	static
wifi_conf.c:1468:5:wifi_set_lps_level	0	static
wifi_conf.c:1473:5:wifi_radio_off_directly	0	static
wifi_conf.c:1499:5:wifi_get_last_error	0	static
wifi_conf.c:1509:5:wifi_set_mfp_support	0	static
wifi_conf.c:1528:5:wifi_start_ap	64	static
wifi_conf.c:1646:5:wifi_start_ap_with_hidden_ssid	56	static
wifi_conf.c:1834:5:wifi_scan	16	static
wifi_conf.c:1864:5:wifi_scan_networks_with_ssid	56	static
wifi_conf.c:1951:5:wifi_scan_networks	24	static
wifi_conf.c:2029:5:wifi_set_pscan_chan	0	static
wifi_conf.c:2038:5:wifi_get_setting	32	static
wifi_conf.c:430:6:restore_wifi_info_to_flash	296	static
wifi_conf.c:518:5:wifi_connect	176	static
wifi_conf.c:2374:13:wifi_autoreconnect_thread	24	static
wifi_conf.c:722:5:wifi_connect_bssid	88	static
wifi_conf.c:2095:5:wifi_show_setting	8	static
wifi_conf.c:2171:5:wifi_set_network_mode	0	static
wifi_conf.c:2179:5:wifi_get_network_mode	0	static
wifi_conf.c:2187:5:wifi_set_wps_phase	0	static
wifi_conf.c:2193:5:wifi_set_promisc	0	static
wifi_conf.c:2198:6:wifi_enter_promisc_mode	48	static
wifi_conf.c:2231:5:wifi_restart_ap	176	static
wifi_conf.c:2424:5:wifi_config_autoreconnect	4	static
wifi_conf.c:2433:5:wifi_set_autoreconnect	0	static
wifi_conf.c:2439:5:wifi_get_autoreconnect	0	static
wifi_conf.c:2496:5:wifi_add_custom_ie	0	static
wifi_conf.c:2502:5:wifi_update_custom_ie	0	static
wifi_conf.c:2507:5:wifi_del_custom_ie	0	static
wifi_conf.c:2522:6:wifi_init_packet_filter	0	static
wifi_conf.c:2527:5:wifi_add_packet_filter	0	static
wifi_conf.c:2532:5:wifi_enable_packet_filter	0	static
wifi_conf.c:2537:5:wifi_disable_packet_filter	0	static
wifi_conf.c:2542:5:wifi_remove_packet_filter	0	static
wifi_conf.c:2547:5:wifi_retransmit_packet_filter	0	static
wifi_conf.c:2553:6:wifi_filter_by_ap_and_phone_mac	0	static
wifi_conf.c:2558:5:wifi_promisc_ctrl_packet_rpt	0	static
wifi_conf.c:2567:5:wifi_enable_forwarding	0	static
wifi_conf.c:2572:5:wifi_disable_forwarding	0	static
wifi_conf.c:2582:5:wifi_set_ch_deauth	0	static
wifi_conf.c:2588:6:wifi_set_indicate_mgnt	8	static
wifi_conf.c:2597:6:wifi_set_lowrssi_use_b	0	static
wifi_conf.c:2660:5:wifi_set_tcp_keep_alive_offload	0	static
wifi_conf.c:2807:5:wifi_wlan_redl_fw	0	static
wifi_conf.c:2816:5:wifi_wowlan_ctrl	0	static
wifi_conf.c:2844:5:wifi_rf_contrl	0	static
wifi_conf.c:2858:10:wifi_get_tsf_low	0	static
