cmsis_os.c:447:13:_osTimerCallbackFreeRTOS	8	static
cmsis_os.c:127:27:find_signal_by_thread	16	static
cmsis_os.c:270:10:osKernelInitialize	0	static
cmsis_os.c:280:10:osKernelStart	8	static
cmsis_os.c:291:10:osKernelSysTick	0	static
cmsis_os.c:310:12:osThreadCreate	32	static
cmsis_os.c:351:12:osThreadGetId	0	static
cmsis_os.c:361:10:osThreadTerminate	16	static
cmsis_os.c:381:10:osThreadYield	0	static
cmsis_os.c:394:10:osThreadSetPriority	8	static
cmsis_os.c:406:12:osThreadGetPriority	8	static
cmsis_os.c:418:10:osDelay	8	static
cmsis_os.c:461:11:osTimerCreate	16	static
cmsis_os.c:480:10:osTimerStart	32	static
cmsis_os.c:516:10:osTimerStop	24	static
cmsis_os.c:539:10:osTimerDelete	16	static
cmsis_os.c:559:9:osSignalSet	24	static
cmsis_os.c:605:9:osSignalClear	24	static
cmsis_os.c:649:9:osSignalWait	40	static
cmsis_os.c:720:11:osMutexCreate	0	static
cmsis_os.c:734:10:osMutexWait	8	static
cmsis_os.c:807:15:osSemaphoreCreate	8	static
cmsis_os.c:827:9:osSemaphoreWait	8	static
cmsis_os.c:854:10:osSemaphoreRelease	16	static
cmsis_os.c:762:10:osMutexRelease	0	static
cmsis_os.c:880:10:osSemaphoreDelete	8	static
cmsis_os.c:787:10:osMutexDelete	0	static
cmsis_os.c:940:10:osPoolCreate	24	static
cmsis_os.c:984:7:osPoolAlloc	16	static
cmsis_os.c:1027:7:osPoolCAlloc	16	static
cmsis_os.c:1042:10:osPoolFree	16	static
cmsis_os.c:1100:14:osMessageCreate	0	static
cmsis_os.c:1114:10:osMessagePut	16	static
cmsis_os.c:1143:9:osMessageGet	24	static
cmsis_os.c:1191:11:osMailCreate	32	static
cmsis_os.c:1230:7:osMailAlloc	16	static
cmsis_os.c:1271:7:osMailCAlloc	16	static
cmsis_os.c:1290:10:osMailPut	24	static
cmsis_os.c:1324:9:osMailGet	40	static
cmsis_os.c:1371:10:osMailFree	8	static
cmsis_os.c:1383:7:calloc_freertos	16	static
