freertos_service.c:271:13:_freertos_exit_critical_from_isr	0	static
freertos_service.c:489:17:_freertos_systime_to_sec	0	static
freertos_service.c:494:17:_freertos_ms_to_systime	0	static
freertos_service.c:499:17:_freertos_sec_to_systime	0	static
freertos_service.c:599:13:_freertos_ATOMIC_SET	0	static
freertos_service.c:604:12:_freertos_ATOMIC_READ	0	static
freertos_service.c:669:17:_freertos_modular64	28	static
freertos_service.c:831:13:_freertos_thread_enter	0	static
freertos_service.c:954:6:_freertos_release_wakelock	0	static
freertos_service.c:998:6:_freertos_create_secure_context	0	static
freertos_service.c:246:13:_freertos_exit_critical	0	static
freertos_service.c:646:12:_freertos_ATOMIC_SUB_RETURN	16	static
freertos_service.c:664:12:_freertos_ATOMIC_DEC_RETURN	16	static
freertos_service.c:633:12:_freertos_ATOMIC_ADD_RETURN	16	static
freertos_service.c:659:12:_freertos_ATOMIC_INC_RETURN	16	static
freertos_service.c:616:13:_freertos_ATOMIC_SUB	16	static
freertos_service.c:628:13:_freertos_ATOMIC_DEC	0	static
freertos_service.c:609:13:_freertos_ATOMIC_ADD	16	static
freertos_service.c:623:13:_freertos_ATOMIC_INC	0	static
freertos_service.c:80:10:_freertos_malloc	0	static
freertos_service.c:85:10:_freertos_zmalloc	16	static
freertos_service.c:117:13:_freertos_memset	0	static
freertos_service.c:95:6:_freertos_mfree	0	static
freertos_service.c:855:14:_freertos_timerCreate	0	static
freertos_service.c:867:10:_freertos_timerDelete	16	static
freertos_service.c:878:10:_freertos_timerStop	16	static
freertos_service.c:884:10:_freertos_timerChangePeriod	16	static
freertos_service.c:909:10:_freertos_timerStopFromISR	16	static
freertos_service.c:921:10:_freertos_timerChangePeriodFromISR	16	static
freertos_service.c:873:10:_freertos_timerIsTimerActive	0	static
freertos_service.c:892:7:_freertos_timerGetID	0	static
freertos_service.c:897:10:_freertos_timerStart	24	static
freertos_service.c:930:10:_freertos_timerReset	24	static
freertos_service.c:685:12:_freertos_arc4random	8	static
freertos_service.c:479:17:_freertos_get_current_time	0	static
freertos_service.c:903:10:_freertos_timerStartFromISR	24	static
freertos_service.c:915:10:_freertos_timerResetFromISR	24	static
freertos_service.c:973:6:_freertos_wakelock_timeout	8	static
freertos_service.c:986:9:_freertos_get_scheduler_state	8	static
freertos_service.c:1008:7:_freertos_get_current_TaskHandle	0	static
freertos_service.c:849:13:_freertos_thread_exit	0	static
freertos_service.c:844:13:_freertos_resume_task	0	static
freertos_service.c:839:13:_freertos_suspend_task	0	static
freertos_service.c:826:12:_freertos_get_priority_task	0	static
freertos_service.c:821:13:_freertos_set_priority_task	0	static
freertos_service.c:808:13:_freertos_delete_task	8	static
freertos_service.c:745:12:_freertos_create_task	24	static
freertos_service.c:740:17:_freertos_GetFreeHeapSize	0	static
freertos_service.c:467:12:_freertos_deinit_xqueue	16	static
freertos_service.c:351:13:_freertos_spinlock_free	8	static
freertos_service.c:170:13:_freertos_mutex_free	0	static
freertos_service.c:127:13:_freertos_free_sema	0	static
freertos_service.c:452:12:_freertos_peek_from_xqueue	16	static
freertos_service.c:435:12:_freertos_pop_from_xqueue	16	static
freertos_service.c:419:12:_freertos_push_to_xqueue	16	static
freertos_service.c:396:13:_freertos_spinunlock_irqsave	8	static
freertos_service.c:296:13:_freertos_exit_critical_mutex	0	static
freertos_service.c:135:13:_freertos_up_sema	0	static
freertos_service.c:406:12:_freertos_init_xqueue	8	static
freertos_service.c:384:13:_freertos_spinlock_irqsave	16	static
freertos_service.c:147:17:_freertos_down_sema	16	static
freertos_service.c:344:13:_freertos_spinlock_init	8	static
freertos_service.c:165:13:_freertos_mutex_init	0	static
freertos_service.c:325:13:_freertos_cpu_unlock	16	static
freertos_service.c:310:13:_freertos_cpu_lock	8	static
freertos_service.c:260:13:_freertos_enter_critical_from_isr	8	static
freertos_service.c:233:13:_freertos_enter_critical	0	static
freertos_service.c:122:13:_freertos_init_sema	8	static
freertos_service.c:108:12:_freertos_memcmp	8	static
freertos_service.c:103:13:_freertos_memcpy	0	static
freertos_service.c:709:12:_freertos_get_random_bytes	32	static
hal_timer.h:826:6:hal_delay_us	8	static
freertos_service.c:562:13:_freertos_udelay_os	0	static
freertos_service.c:541:13:_freertos_mdelay_os	8	static
freertos_service.c:504:13:_freertos_msleep_os	0	static
freertos_service.c:578:13:_freertos_yield_os	8	static
freertos_service.c:373:13:_freertos_spinunlock	8	static
freertos_service.c:361:13:_freertos_spinlock	16	static
freertos_service.c:280:12:_freertos_enter_critical_mutex	16	static
freertos_service.c:140:13:_freertos_up_sema_from_isr	16	static
freertos_service.c:187:13:_freertos_mutex_get	16	static
freertos_service.c:484:17:_freertos_systime_to_ms	0	static
freertos_service.c:936:6:_freertos_acquire_wakelock	0	static
freertos_service.c:525:13:_freertos_usleep_os	0	static
freertos_service.c:222:13:_freertos_mutex_put	0	static
freertos_service.c:202:12:_freertos_mutex_get_timeout	16	static
freertos_service.c:29:6:save_and_cli	0	static
freertos_service.c:34:6:restore_flags	0	static
freertos_service.c:39:6:cli	0	static
