gcs_client.c:334:21:gcs_client_notify_ind_cb	24	static
gcs_client.c:314:13:gcs_client_write_result_cb	48	static
gcs_client.c:294:13:gcs_client_read_result_cb	48	static
gcs_client.c:259:13:gcs_client_discover_state_cb	40	static
gcs_client.c:285:13:gcs_client_discover_result_cb	24	static
gcs_client.c:354:13:gcs_client_disc_cb	8	static
gcs_client.c:46:13:gcs_all_primary_srv_discovery	24	static
gcs_client.c:62:13:gcs_by_uuid128_srv_discovery	24	static
gcs_client.c:78:13:gcs_by_uuid_srv_discovery	24	static
gcs_client.c:94:13:gcs_all_char_discovery	40	static
gcs_client.c:110:13:gcs_by_uuid_char_discovery	40	static
gcs_client.c:127:13:gcs_by_uuid128_char_discovery	40	static
gcs_client.c:144:13:gcs_all_char_descriptor_discovery	40	static
gcs_client.c:161:13:gcs_attr_read	24	static
gcs_client.c:173:13:gcs_attr_read_using_uuid16	40	static
gcs_client.c:186:13:gcs_attr_read_using_uuid128	40	static
gcs_client.c:199:13:gcs_attr_ind_confirm	24	static
gcs_client.c:211:13:gcs_attr_write	40	static
gcs_client.c:376:13:gcs_add_client	32	static
gcs_client.c:421:6:gcs_delete_client	24	static
