MQTTClient.c:55:12:sendPacket	32	static
MQTTClient.c:137:12:readPacket	40	static
MQTTClient.c:85:6:MQTTClientInit	8	static
MQTTClient.c:205:5:deliverMessage	40	static
MQTTClient.c:238:5:keepalive	24	static
MQTTClient.c:266:5:cycle	80	static
MQTTClient.c:357:5:MQTTYield	32	static
MQTTClient.c:377:5:waitfor	24	static
MQTTClient.c:392:5:MQTTConnect	120	static
MQTTClient.c:439:5:MQTTSubscribe	56	static
MQTTClient.c:497:5:MQTTUnsubscribe	40	static
MQTTClient.c:540:5:MQTTPublish	72	static
MQTTClient.c:599:5:MQTTDisconnect	24	static
MQTTClient.c:618:6:MQTTSetStatus	8	static
MQTTClient.c:624:5:MQTTDataHandle	104	static
