pbuf.c:1106:1:pbuf_skip_const	0	static
pbuf.c:186:1:pbuf_free_ooseq_callback	8	static
pbuf.c:570:1:pbuf_header_impl.part.0	12	static
pbuf.c:195:1:pbuf_pool_is_empty	16	static
pbuf.c:426:1:pbuf_alloced_custom	16	static
pbuf.c:666:1:pbuf_header	0	static
pbuf.c:676:1:pbuf_header_force	0	static
pbuf.c:716:1:pbuf_free	24	static
pbuf.c:248:1:pbuf_alloc	32	static
pbuf.c:494:1:pbuf_realloc	16	static
pbuf.c:801:1:pbuf_clen	0	static
pbuf.c:821:1:pbuf_ref	8	static
pbuf.c:841:1:pbuf_cat	8	static
pbuf.c:883:1:pbuf_chain	8	static
pbuf.c:900:1:pbuf_dechain	8	static
pbuf.c:949:1:pbuf_copy	24	static
pbuf.c:1016:1:pbuf_copy_partial	24	static
pbuf.c:1132:1:pbuf_skip	0	static
pbuf.c:1150:1:pbuf_take	24	static
pbuf.c:1194:1:pbuf_take_at	32	static
pbuf.c:1230:1:pbuf_coalesce	16	static
pbuf.c:1318:1:pbuf_try_get_at	16	static
pbuf.c:1300:1:pbuf_get_at	8	static
pbuf.c:1340:1:pbuf_put_at	16	static
pbuf.c:1363:1:pbuf_memcmp	32	static
pbuf.c:1405:1:pbuf_memfind	24	static
pbuf.c:1432:1:pbuf_strstr	16	static
