tcp.c:838:1:tcp_new_port	20	static
tcp.c:330:1:tcp_close_shutdown_fin	8	static
tcp.c:145:1:tcp_init	8	static
tcp.c:562:1:tcp_bind	24	static
tcp.c:686:1:tcp_listen_with_backlog_and_err	16	static
tcp.c:664:1:tcp_listen_with_backlog	0	static
tcp.c:759:1:tcp_update_rcv_ann_wnd	16	static
tcp.c:794:1:tcp_recved	8	static
tcp.c:868:1:tcp_randomize_local_port	8	static
tcp.c:1318:1:tcp_txnow	8	static
tcp.c:1410:1:tcp_seg_free	8	static
tcp.c:1395:1:tcp_segs_free	8	static
tcp.c:1430:1:tcp_setprio	0	static
tcp.c:1444:1:tcp_seg_copy	16	static
tcp.c:1721:1:tcp_arg	0	static
tcp.c:1740:1:tcp_recv	0	static
tcp.c:1757:1:tcp_sent	0	static
tcp.c:1777:1:tcp_err	0	static
tcp.c:1795:1:tcp_accept	0	static
tcp.c:1813:1:tcp_poll	0	static
tcp.c:1831:1:tcp_pcb_purge	16	static
tcp.c:1005:1:tcp_slowtmr	56	static
tcp.c:1880:1:tcp_pcb_remove	8	static
tcp.c:265:1:tcp_close_shutdown	24	static
tcp.c:399:1:tcp_close	0	static
tcp.c:1464:1:tcp_recv_null	8	static
tcp.c:1331:1:tcp_process_refused_data	24	static
tcp.c:1271:1:tcp_fasttmr	32	static
tcp.c:156:1:tcp_tmr	8	static
tcp.c:426:1:tcp_shutdown	16	static
tcp.c:470:1:tcp_abandon	40	static
tcp.c:541:1:tcp_abort	0	static
tcp.c:637:1:tcp_accept_null	8	static
tcp.c:1997:1:tcp_netif_ip_addr_changed_pcblist	16	static
tcp.c:1515:1:tcp_kill_state	8	static
tcp.c:1575:1:tcp_alloc	24	static
tcp.c:1680:1:tcp_new	0	static
tcp.c:1697:1:tcp_new_ip_type	0	static
tcp.c:1915:1:tcp_next_iss	0	static
tcp.c:1936:1:tcp_eff_send_mss_impl	8	static
tcp.c:896:1:tcp_connect	24	static
tcp.c:2026:1:tcp_netif_ip_addr_changed	16	static
tcp.c:2050:1:tcp_debug_state_str	0	static
