tcp_out.c:237:1:tcp_pbuf_prealloc	16	static
tcp_out.c:177:1:tcp_create_segment	32	static
tcp_out.c:108:1:tcp_output_alloc_header.constprop	24	static
tcp_out.c:372:1:tcp_write	104	static
tcp_out.c:789:1:tcp_enqueue_flags	32	static
tcp_out.c:143:1:tcp_send_fin	24	static
tcp_out.c:922:1:tcp_send_empty_ack	40	static
tcp_out.c:997:1:tcp_output	64	static
tcp_out.c:1348:1:tcp_rst	56	static
tcp_out.c:1403:1:tcp_rexmit_rto	4	static
tcp_out.c:1446:1:tcp_rexmit	24	static
tcp_out.c:1494:1:tcp_rexmit_fast	8	static
tcp_out.c:1536:1:tcp_keepalive	40	static
tcp_out.c:1590:1:tcp_zero_window_probe	40	static
