udp.c:87:1:udp_init	8	static
udp.c:127:1:udp_randomize_local_port	8	static
udp.c:204:1:udp_input	56	static
udp.c:901:1:udp_bind	24	static
udp.c:680:1:udp_sendto_if_src	48	static
udp.c:611:1:udp_sendto_if	24	static
udp.c:521:1:udp_sendto	32	static
udp.c:474:1:udp_send	0	static
udp.c:1000:1:udp_connect	16	static
udp.c:1044:1:udp_disconnect	0	static
udp.c:1072:1:udp_recv	0	static
udp.c:1089:1:udp_remove	0	static
udp.c:1122:1:udp_new	8	static
udp.c:1154:1:udp_new_ip_type	0	static
udp.c:1174:6:udp_netif_ip_addr_changed	8	static
