osif_freertos.c:45:6:osif_delay	0	static
osif_freertos.c:53:10:osif_sys_time_get	0	static
osif_freertos.c:68:5:osif_sched_start	8	static
osif_freertos.c:78:5:osif_sched_stop	8	static
osif_freertos.c:88:5:osif_sched_suspend	8	static
osif_freertos.c:98:5:osif_sched_resume	8	static
osif_freertos.c:108:5:osif_task_create	16	static
osif_freertos.c:133:5:osif_task_delete	8	static
osif_freertos.c:143:5:osif_task_suspend	8	static
osif_freertos.c:152:5:osif_task_resume	8	static
osif_freertos.c:162:5:osif_task_yield	0	static
osif_freertos.c:172:5:osif_task_handle_get	8	static
osif_freertos.c:187:5:osif_task_priority_get	8	static
osif_freertos.c:202:5:osif_task_priority_set	8	static
osif_freertos.c:210:5:osif_signal_init	8	static
osif_freertos.c:223:6:osif_signal_deinit	8	static
osif_freertos.c:235:5:osif_task_signal_send	16	static
osif_freertos.c:265:5:osif_task_signal_recv	16	static
osif_freertos.c:312:5:osif_task_signal_clear	8	static
osif_freertos.c:331:10:osif_lock	8	static
osif_freertos.c:352:6:osif_unlock	0	static
osif_freertos.c:370:5:osif_sem_create	8	static
osif_freertos.c:391:5:osif_sem_delete	8	static
osif_freertos.c:401:5:osif_sem_take	16	static
osif_freertos.c:442:5:osif_sem_give	16	static
osif_freertos.c:472:5:osif_mutex_create	8	static
osif_freertos.c:493:5:osif_mutex_delete	8	static
osif_freertos.c:510:5:osif_mutex_take	8	static
osif_freertos.c:538:5:osif_mutex_give	8	static
osif_freertos.c:556:5:osif_msg_queue_create	8	static
osif_freertos.c:578:5:osif_msg_queue_delete	8	static
osif_freertos.c:592:5:osif_msg_queue_peek	8	static
osif_freertos.c:613:5:osif_msg_send	16	static
osif_freertos.c:658:5:osif_msg_recv	16	static
osif_freertos.c:702:5:osif_msg_peek	8	static
osif_freertos.c:742:7:osif_mem_alloc	0	static
osif_freertos.c:751:7:osif_mem_aligned_alloc	8	static
osif_freertos.c:778:6:osif_mem_free	0	static
osif_freertos.c:790:6:osif_mem_aligned_free	0	static
osif_freertos.c:805:8:osif_mem_peek	0	static
osif_freertos.c:814:5:osif_timer_id_get	8	static
osif_freertos.c:830:5:osif_timer_create	24	static
osif_freertos.c:862:5:osif_timer_start	32	static
osif_freertos.c:897:5:osif_timer_restart	24	static
osif_freertos.c:935:5:osif_timer_stop	24	static
osif_freertos.c:970:5:osif_timer_delete	24	static
osif_freertos.c:989:5:osif_timer_state_get	8	static
osif_freertos.c:1009:5:osif_timer_dump	0	static
osif_freertos.c:1018:6:osif_create_secure_context	0	static
